Component: ARM Compiler 5.06 update 4 (build 422) Tool: armlink [4d35d2]

==============================================================================

Section Cross References

    startup_stm32f401xe.o(RESET) refers to startup_stm32f401xe.o(STACK) for __initial_sp
    startup_stm32f401xe.o(RESET) refers to startup_stm32f401xe.o(.text) for Reset_Handler
    startup_stm32f401xe.o(RESET) refers to stm32f4xx_it.o(i.NMI_Handler) for NMI_Handler
    startup_stm32f401xe.o(RESET) refers to stm32f4xx_it.o(i.HardFault_Handler) for HardFault_Handler
    startup_stm32f401xe.o(RESET) refers to stm32f4xx_it.o(i.MemManage_Handler) for MemManage_Handler
    startup_stm32f401xe.o(RESET) refers to stm32f4xx_it.o(i.BusFault_Handler) for BusFault_Handler
    startup_stm32f401xe.o(RESET) refers to stm32f4xx_it.o(i.UsageFault_Handler) for UsageFault_Handler
    startup_stm32f401xe.o(RESET) refers to stm32f4xx_it.o(i.SVC_Handler) for SVC_Handler
    startup_stm32f401xe.o(RESET) refers to stm32f4xx_it.o(i.DebugMon_Handler) for DebugMon_Handler
    startup_stm32f401xe.o(RESET) refers to stm32f4xx_it.o(i.PendSV_Handler) for PendSV_Handler
    startup_stm32f401xe.o(RESET) refers to stm32f4xx_it.o(i.SysTick_Handler) for SysTick_Handler
    startup_stm32f401xe.o(RESET) refers to stm32f4xx_it.o(i.EXTI0_IRQHandler) for EXTI0_IRQHandler
    startup_stm32f401xe.o(RESET) refers to stm32f4xx_it.o(i.TIM2_IRQHandler) for TIM2_IRQHandler
    startup_stm32f401xe.o(.text) refers to system_stm32f4xx.o(i.SystemInit) for SystemInit
    startup_stm32f401xe.o(.text) refers to entry.o(.ARM.Collect$$$$00000000) for __main
    main.o(i.MX_ADC1_Init) refers to stm32f4xx_hal_adc.o(i.HAL_ADC_Init) for HAL_ADC_Init
    main.o(i.MX_ADC1_Init) refers to stm32f4xx_hal_adc.o(i.HAL_ADC_ConfigChannel) for HAL_ADC_ConfigChannel
    main.o(i.MX_ADC1_Init) refers to main.o(.bss) for .bss
    main.o(i.MX_GPIO_Init) refers to memseta.o(.text) for __aeabi_memclr4
    main.o(i.MX_GPIO_Init) refers to stm32f4xx_hal_gpio.o(i.HAL_GPIO_WritePin) for HAL_GPIO_WritePin
    main.o(i.MX_GPIO_Init) refers to stm32f4xx_hal_gpio.o(i.HAL_GPIO_Init) for HAL_GPIO_Init
    main.o(i.MX_GPIO_Init) refers to stm32f4xx_hal_cortex.o(i.HAL_NVIC_SetPriority) for HAL_NVIC_SetPriority
    main.o(i.MX_GPIO_Init) refers to stm32f4xx_hal_cortex.o(i.HAL_NVIC_EnableIRQ) for HAL_NVIC_EnableIRQ
    main.o(i.MX_TIM2_Init) refers to memseta.o(.text) for __aeabi_memclr4
    main.o(i.MX_TIM2_Init) refers to stm32f4xx_hal_tim.o(i.HAL_TIM_PWM_Init) for HAL_TIM_PWM_Init
    main.o(i.MX_TIM2_Init) refers to stm32f4xx_hal_tim_ex.o(i.HAL_TIMEx_MasterConfigSynchronization) for HAL_TIMEx_MasterConfigSynchronization
    main.o(i.MX_TIM2_Init) refers to stm32f4xx_hal_tim.o(i.HAL_TIM_PWM_ConfigChannel) for HAL_TIM_PWM_ConfigChannel
    main.o(i.MX_TIM2_Init) refers to stm32f4xx_hal_msp.o(i.HAL_TIM_MspPostInit) for HAL_TIM_MspPostInit
    main.o(i.MX_TIM2_Init) refers to main.o(.bss) for .bss
    main.o(i.SystemClock_Config) refers to memseta.o(.text) for __aeabi_memclr4
    main.o(i.SystemClock_Config) refers to stm32f4xx_hal_rcc.o(i.HAL_RCC_OscConfig) for HAL_RCC_OscConfig
    main.o(i.SystemClock_Config) refers to stm32f4xx_hal_rcc.o(i.HAL_RCC_ClockConfig) for HAL_RCC_ClockConfig
    main.o(i.adc) refers to stm32f4xx_hal_adc.o(i.HAL_ADC_Start) for HAL_ADC_Start
    main.o(i.adc) refers to stm32f4xx_hal_adc.o(i.HAL_ADC_GetValue) for HAL_ADC_GetValue
    main.o(i.adc) refers to stm32f4_nucleo_f401re.o(i.BSP_LED_On) for BSP_LED_On
    main.o(i.adc) refers to stm32f4_nucleo_f401re.o(i.BSP_LED_Off) for BSP_LED_Off
    main.o(i.adc) refers to main.o(.bss) for .bss
    main.o(i.adc) refers to main.o(.data) for .data
    main.o(i.fermer) refers to main.o(.bss) for .bss
    main.o(i.main) refers to stm32f4xx_hal.o(i.HAL_Init) for HAL_Init
    main.o(i.main) refers to main.o(i.SystemClock_Config) for SystemClock_Config
    main.o(i.main) refers to main.o(i.MX_GPIO_Init) for MX_GPIO_Init
    main.o(i.main) refers to app_x-cube-ble1.o(i.MX_X_CUBE_BLE1_Init) for MX_X_CUBE_BLE1_Init
    main.o(i.main) refers to stm32f4xx_hal_uart.o(i.HAL_UART_Init) for HAL_UART_Init
    main.o(i.main) refers to main.o(i.MX_TIM2_Init) for MX_TIM2_Init
    main.o(i.main) refers to main.o(i.MX_ADC1_Init) for MX_ADC1_Init
    main.o(i.main) refers to stm32f4xx_hal_tim.o(i.HAL_TIM_PWM_Start) for HAL_TIM_PWM_Start
    main.o(i.main) refers to app_x-cube-ble1.o(i.MX_X_CUBE_BLE1_Process) for MX_X_CUBE_BLE1_Process
    main.o(i.main) refers to main.o(.bss) for .bss
    main.o(i.ouvrir) refers to main.o(.bss) for .bss
    hci_tl_interface.o(i.HCI_TL_SPI_DeInit) refers to stm32f4xx_hal_gpio.o(i.HAL_GPIO_DeInit) for HAL_GPIO_DeInit
    hci_tl_interface.o(i.HCI_TL_SPI_Init) refers to stm32f4xx_hal_gpio.o(i.HAL_GPIO_Init) for HAL_GPIO_Init
    hci_tl_interface.o(i.HCI_TL_SPI_Init) refers to nucleo_f401re_bus.o(i.BSP_SPI1_Init) for BSP_SPI1_Init
[...]
    ../Src/main.c                            0x00000000   Number         0  main.o ABSOLUTE
    ../Src/nucleo_f401re_bus.c               0x00000000   Number         0  nucleo_f401re_bus.o ABSOLUTE
    ../Src/sample_service.c                  0x00000000   Number         0  sample_service.o ABSOLUTE
    ../Src/stm32f4_nucleo_f401re.c           0x00000000   Number         0  stm32f4_nucleo_f401re.o ABSOLUTE
    ../Src/stm32f4xx_hal_exti.c              0x00000000   Number         0  stm32f4xx_hal_exti.o ABSOLUTE
    ../Src/stm32f4xx_hal_msp.c               0x00000000   Number         0  stm32f4xx_hal_msp.o ABSOLUTE
    ../Src/stm32f4xx_it.c                    0x00000000   Number         0  stm32f4xx_it.o ABSOLUTE
    ../Src/system_stm32f4xx.c                0x00000000   Number         0  system_stm32f4xx.o ABSOLUTE
    ../clib/microlib/division.c              0x00000000   Number         0  uidiv.o ABSOLUTE
    ../clib/microlib/division.c              0x00000000   Number         0  uldiv.o ABSOLUTE
    ../clib/microlib/init/entry.s            0x00000000   Number         0  entry11a.o ABSOLUTE
    ../clib/microlib/init/entry.s            0x00000000   Number         0  entry11b.o ABSOLUTE
    ../clib/microlib/init/entry.s            0x00000000   Number         0  entry7b.o ABSOLUTE
    ../clib/microlib/init/entry.s            0x00000000   Number         0  entry.o ABSOLUTE
    ../clib/microlib/init/entry.s            0x00000000   Number         0  entry2.o ABSOLUTE
    ../clib/microlib/init/entry.s            0x00000000   Number         0  entry5.o ABSOLUTE
    ../clib/microlib/init/entry.s            0x00000000   Number         0  entry7a.o ABSOLUTE
    ../clib/microlib/init/entry.s            0x00000000   Number         0  entry8a.o ABSOLUTE
    ../clib/microlib/init/entry.s            0x00000000   Number         0  entry8b.o ABSOLUTE
    ../clib/microlib/init/entry.s            0x00000000   Number         0  entry9a.o ABSOLUTE
    ../clib/microlib/init/entry.s            0x00000000   Number         0  entry9b.o ABSOLUTE
    ../clib/microlib/init/entry.s            0x00000000   Number         0  entry10a.o ABSOLUTE
    ../clib/microlib/init/entry.s            0x00000000   Number         0  entry10b.o ABSOLUTE
    ../clib/microlib/longlong.c              0x00000000   Number         0  llushr.o ABSOLUTE
    ../clib/microlib/longlong.c              0x00000000   Number         0  llsshr.o ABSOLUTE
    ../clib/microlib/longlong.c              0x00000000   Number         0  llshl.o ABSOLUTE
    ../clib/microlib/printf/printf.c         0x00000000   Number         0  printfb.o ABSOLUTE
    ../clib/microlib/printf/printf.c         0x00000000   Number         0  printfa.o ABSOLUTE
    ../clib/microlib/printf/printf.c         0x00000000   Number         0  printf0.o ABSOLUTE
    ../clib/microlib/printf/printf.c         0x00000000   Number         0  printf1.o ABSOLUTE
    ../clib/microlib/printf/printf.c         0x00000000   Number         0  printf2.o ABSOLUTE
    ../clib/microlib/printf/printf.c         0x00000000   Number         0  printf3.o ABSOLUTE
    ../clib/microlib/printf/printf.c         0x00000000   Number         0  printf5.o ABSOLUTE
    ../clib/microlib/printf/printf.c         0x00000000   Number         0  printf6.o ABSOLUTE
    ../clib/microlib/printf/printf.c         0x00000000   Number         0  printf7.o ABSOLUTE
    ../clib/microlib/printf/printf.c         0x00000000   Number         0  printf8.o ABSOLUTE
    ../clib/microlib/printf/printf.c         0x00000000   Number         0  printf4.o ABSOLUTE
    ../clib/microlib/printf/stubs.s          0x00000000   Number         0  stubs.o ABSOLUTE
    ../clib/microlib/stdio/streams.c         0x00000000   Number         0  stdout.o ABSOLUTE
    ../clib/microlib/string/memcpy.c         0x00000000   Number         0  memcpyb.o ABSOLUTE
    ../clib/microlib/string/memcpy.c         0x00000000   Number         0  memcpya.o ABSOLUTE
    ../clib/microlib/string/memset.c         0x00000000   Number         0  memseta.o ABSOLUTE
    ../clib/microlib/stubs.s                 0x00000000   Number         0  iusefp.o ABSOLUTE
    ../fplib/microlib/fpadd.c                0x00000000   Number         0  dadd.o ABSOLUTE
    ../fplib/microlib/fpdiv.c                0x00000000   Number         0  ddiv.o ABSOLUTE
    ../fplib/microlib/fpepilogue.c           0x00000000   Number         0  depilogue.o ABSOLUTE
    ../fplib/microlib/fpfix.c                0x00000000   Number         0  dfixul.o ABSOLUTE
    ../fplib/microlib/fpmul.c                0x00000000   Number         0  dmul.o ABSOLUTE
    ..\..\..\..\..\Drivers\STM32F4xx_HAL_Driver\Src\stm32f4xx_hal.c 0x00000000   Number         0  stm32f4xx_hal.o ABSOLUTE
    ..\..\..\..\..\Drivers\STM32F4xx_HAL_Driver\Src\stm32f4xx_hal_adc.c 0x00000000   Number         0  stm32f4xx_hal_adc.o ABSOLUTE
    ..\..\..\..\..\Drivers\STM32F4xx_HAL_Driver\Src\stm32f4xx_hal_adc_ex.c 0x00000000   Number         0  stm32f4xx_hal_adc_ex.o ABSOLUTE
    ..\..\..\..\..\Drivers\STM32F4xx_HAL_Driver\Src\stm32f4xx_hal_cortex.c 0x00000000   Number         0  stm32f4xx_hal_cortex.o ABSOLUTE
    ..\..\..\..\..\Drivers\STM32F4xx_HAL_Driver\Src\stm32f4xx_hal_dma.c 0x00000000   Number         0  stm32f4xx_hal_dma.o ABSOLUTE
    ..\..\..\..\..\Drivers\STM32F4xx_HAL_Driver\Src\stm32f4xx_hal_dma_ex.c 0x00000000   Number         0  stm32f4xx_hal_dma_ex.o ABSOLUTE
    ..\..\..\..\..\Drivers\STM32F4xx_HAL_Driver\Src\stm32f4xx_hal_flash.c 0x00000000   Number         0  stm32f4xx_hal_flash.o ABSOLUTE
    ..\..\..\..\..\Drivers\STM32F4xx_HAL_Driver\Src\stm32f4xx_hal_flash_ex.c 0x00000000   Number         0  stm32f4xx_hal_flash_ex.o ABSOLUTE
    ..\..\..\..\..\Drivers\STM32F4xx_HAL_Driver\Src\stm32f4xx_hal_flash_ramfunc.c 0x00000000   Number         0  stm32f4xx_hal_flash_ramfunc.o ABSOLUTE
    ..\..\..\..\..\Drivers\STM32F4xx_HAL_Driver\Src\stm32f4xx_hal_gpio.c 0x00000000   Number         0  stm32f4xx_hal_gpio.o ABSOLUTE
    ..\..\..\..\..\Drivers\STM32F4xx_HAL_Driver\Src\stm32f4xx_hal_pwr.c 0x00000000   Number         0  stm32f4xx_hal_pwr.o ABSOLUTE
    ..\..\..\..\..\Drivers\STM32F4xx_HAL_Driver\Src\stm32f4xx_hal_pwr_ex.c 0x00000000   Number         0  stm32f4xx_hal_pwr_ex.o ABSOLUTE
    ..\..\..\..\..\Drivers\STM32F4xx_HAL_Driver\Src\stm32f4xx_hal_rcc.c 0x00000000   Number         0  stm32f4xx_hal_rcc.o ABSOLUTE
    ..\..\..\..\..\Drivers\STM32F4xx_HAL_Driver\Src\stm32f4xx_hal_rcc_ex.c 0x00000000   Number         0  stm32f4xx_hal_rcc_ex.o ABSOLUTE
    ..\..\..\..\..\Drivers\STM32F4xx_HAL_Driver\Src\stm32f4xx_hal_spi.c 0x00000000   Number         0  stm32f4xx_hal_spi.o ABSOLUTE
    ..\..\..\..\..\Drivers\STM32F4xx_HAL_Driver\Src\stm32f4xx_hal_tim.c 0x00000000   Number         0  stm32f4xx_hal_tim.o ABSOLUTE
    ..\..\..\..\..\Drivers\STM32F4xx_HAL_Driver\Src\stm32f4xx_hal_tim_ex.c 0x00000000   Number         0  stm32f4xx_hal_tim_ex.o ABSOLUTE
    ..\..\..\..\..\Drivers\STM32F4xx_HAL_Driver\Src\stm32f4xx_hal_uart.c 0x00000000   Number         0  stm32f4xx_hal_uart.o ABSOLUTE
    ..\..\..\..\..\Middlewares\ST\BlueNRG-MS\hci\controller\bluenrg_gap_aci.c 0x00000000   Number         0  bluenrg_gap_aci.o ABSOLUTE
    ..\..\..\..\..\Middlewares\ST\BlueNRG-MS\hci\controller\bluenrg_gatt_aci.c 0x00000000   Number         0  bluenrg_gatt_aci.o ABSOLUTE
    ..\..\..\..\..\Middlewares\ST\BlueNRG-MS\hci\controller\bluenrg_hal_aci.c 0x00000000   Number         0  bluenrg_hal_aci.o ABSOLUTE
    ..\..\..\..\..\Middlewares\ST\BlueNRG-MS\hci\controller\bluenrg_l2cap_aci.c 0x00000000   Number         0  bluenrg_l2cap_aci.o ABSOLUTE
    ..\..\..\..\..\Middlewares\ST\BlueNRG-MS\hci\controller\bluenrg_updater_aci.c 0x00000000   Number         0  bluenrg_updater_aci.o ABSOLUTE
    ..\..\..\..\..\Middlewares\ST\BlueNRG-MS\hci\controller\bluenrg_utils_small.c 0x00000000   Number         0  bluenrg_utils_small.o ABSOLUTE
    ..\..\..\..\..\Middlewares\ST\BlueNRG-MS\hci\hci_le.c 0x00000000   Number         0  hci_le.o ABSOLUTE
    ..\..\..\..\..\Middlewares\ST\BlueNRG-MS\hci\hci_tl_patterns\Basic\hci_tl.c 0x00000000   Number         0  hci_tl.o ABSOLUTE
    ..\..\..\..\..\Middlewares\ST\BlueNRG-MS\utils\ble_list.c 0x00000000   Number         0  ble_list.o ABSOLUTE
    ..\Src\app_x-cube-ble1.c                 0x00000000   Number         0  app_x-cube-ble1.o ABSOLUTE
    ..\Src\hci_tl_interface.c                0x00000000   Number         0  hci_tl_interface.o ABSOLUTE
    ..\Src\main.c                            0x00000000   Number         0  main.o ABSOLUTE
    ..\Src\nucleo_f401re_bus.c               0x00000000   Number         0  nucleo_f401re_bus.o ABSOLUTE
    ..\Src\sample_service.c                  0x00000000   Number         0  sample_service.o ABSOLUTE
    ..\Src\stm32f4_nucleo_f401re.c           0x00000000   Number         0  stm32f4_nucleo_f401re.o ABSOLUTE
    ..\Src\stm32f4xx_hal_exti.c              0x00000000   Number         0  stm32f4xx_hal_exti.o ABSOLUTE
    ..\Src\stm32f4xx_hal_msp.c               0x00000000   Number         0  stm32f4xx_hal_msp.o ABSOLUTE
    ..\Src\stm32f4xx_it.c                    0x00000000   Number         0  stm32f4xx_it.o ABSOLUTE
    ..\Src\system_stm32f4xx.c                0x00000000   Number         0  system_stm32f4xx.o ABSOLUTE
    ..\\..\\..\\..\\..\\Drivers\\STM32F4xx_HAL_Driver\\Src\\stm32f4xx_hal_adc.c 0x00000000   Number         0  stm32f4xx_hal_adc.o ABSOLUTE
    ..\\..\\..\\..\\..\\Drivers\\STM32F4xx_HAL_Driver\\Src\\stm32f4xx_hal_adc_ex.c 0x00000000   Number         0  stm32f4xx_hal_adc_ex.o ABSOLUTE
    cdrcmple.s                               0x00000000   Number         0  cdrcmple.o ABSOLUTE
    dc.s                                     0x00000000   Number         0  dc.o ABSOLUTE
    handlers.s                               0x00000000   Number         0  handlers.o ABSOLUTE
    init.s                                   0x00000000   Number         0  init.o ABSOLUTE
    startup_stm32f401xe.s                    0x00000000   Number         0  startup_stm32f401xe.o ABSOLUTE
    RESET                                    0x08000000   Section      404  startup_stm32f401xe.o(RESET)
    .ARM.Collect$$$$00000000                 0x08000194   Section        0  entry.o(.ARM.Collect$$$$00000000)
    .ARM.Collect$$$$00000001                 0x08000194   Section        4  entry2.o(.ARM.Collect$$$$00000001)
    .ARM.Collect$$$$00000004                 0x08000198   Section        4  entry5.o(.ARM.Collect$$$$00000004)
    .ARM.Collect$$$$00000008                 0x0800019c   Section        0  entry7b.o(.ARM.Collect$$$$00000008)
    .ARM.Collect$$$$0000000A                 0x0800019c   Section        0  entry8b.o(.ARM.Collect$$$$0000000A)
    .ARM.Collect$$$$0000000B                 0x0800019c   Section        8  entry9a.o(.ARM.Collect$$$$0000000B)
    .ARM.Collect$$$$0000000D                 0x080001a4   Section        0  entry10a.o(.ARM.Collect$$$$0000000D)
    .ARM.Collect$$$$0000000F                 0x080001a4   Section        0  entry11a.o(.ARM.Collect$$$$0000000F)
    .ARM.Collect$$$$00002712                 0x080001a4   Section        4  entry2.o(.ARM.Collect$$$$00002712)
    __lit__00000000                          0x080001a4   Data           4  entry2.o(.ARM.Collect$$$$00002712)
    .text                                    0x080001a8   Section       36  startup_stm32f401xe.o(.text)
    $v0                                      0x080001a8   Number         0  startup_stm32f401xe.o(.text)
    .text                                    0x080001cc   Section        0  uldiv.o(.text)
    .text                                    0x0800022e   Section        0  memcpya.o(.text)
    .text                                    0x08000252   Section        0  memseta.o(.text)
    .text                                    0x08000276   Section        0  llshl.o(.text)
    .text                                    0x08000294   Section        0  llushr.o(.text)
    .text                                    0x080002b4   Section       36  init.o(.text)
    i.ADC_Init                               0x080002d8   Section        0  stm32f4xx_hal_adc.o(i.ADC_Init)
    ADC_Init                                 0x080002d9   Thumb Code   280  stm32f4xx_hal_adc.o(i.ADC_Init)
    i.Add_Sample_Service                     0x080003fc   Section        0  sample_service.o(i.Add_Sample_Service)
    i.Attribute_Modified_CB                  0x080004b4   Section        0  sample_service.o(i.Attribute_Modified_CB)
    i.BSP_COM_Init                           0x080004e0   Section        0  stm32f4_nucleo_f401re.o(i.BSP_COM_Init)
    i.BSP_GetTick                            0x08000530   Section        0  nucleo_f401re_bus.o(i.BSP_GetTick)
    i.BSP_LED_Init                           0x08000534   Section        0  stm32f4_nucleo_f401re.o(i.BSP_LED_Init)
    i.BSP_LED_Off                            0x0800058c   Section        0  stm32f4_nucleo_f401re.o(i.BSP_LED_Off)
    i.BSP_LED_On                             0x080005ac   Section        0  stm32f4_nucleo_f401re.o(i.BSP_LED_On)
    i.BSP_LED_Toggle                         0x080005cc   Section        0  stm32f4_nucleo_f401re.o(i.BSP_LED_Toggle)
    i.BSP_PB_Callback                        0x080005ec   Section        0  stm32f4_nucleo_f401re.o(i.BSP_PB_Callback)
    i.BSP_PB_GetState                        0x080005f0   Section        0  stm32f4_nucleo_f401re.o(i.BSP_PB_GetState)
    i.BSP_PB_Init                            0x08000608   Section        0  stm32f4_nucleo_f401re.o(i.BSP_PB_Init)
    i.BSP_SPI1_Init                          0x080006b4   Section        0  nucleo_f401re_bus.o(i.BSP_SPI1_Init)
    i.BSP_SPI1_SendRecv                      0x08000730   Section        0  nucleo_f401re_bus.o(i.BSP_SPI1_SendRecv)
    i.BUTTON_KEY_EXTI_Callback               0x08000758   Section        0  stm32f4_nucleo_f401re.o(i.BUTTON_KEY_EXTI_Callback)
    BUTTON_KEY_EXTI_Callback                 0x08000759   Thumb Code    10  stm32f4_nucleo_f401re.o(i.BUTTON_KEY_EXTI_Callback)
    i.BusFault_Handler                       0x08000762   Section        0  stm32f4xx_it.o(i.BusFault_Handler)
    i.DebugMon_Handler                       0x08000764   Section        0  stm32f4xx_it.o(i.DebugMon_Handler)
    i.EXTI0_IRQHandler                       0x08000768   Section        0  stm32f4xx_it.o(i.EXTI0_IRQHandler)
    i.GAP_ConnectionComplete_CB              0x08000774   Section        0  sample_service.o(i.GAP_ConnectionComplete_CB)
    i.GAP_DisconnectionComplete_CB           0x080007d0   Section        0  sample_service.o(i.GAP_DisconnectionComplete_CB)
    i.GATT_Notification_CB                   0x08000804   Section        0  sample_service.o(i.GATT_Notification_CB)
    i.HAL_ADC_ConfigChannel                  0x0800081c   Section        0  stm32f4xx_hal_adc.o(i.HAL_ADC_ConfigChannel)
    i.HAL_ADC_GetValue                       0x08000968   Section        0  stm32f4xx_hal_adc.o(i.HAL_ADC_GetValue)
    i.HAL_ADC_Init                           0x0800096e   Section        0  stm32f4xx_hal_adc.o(i.HAL_ADC_Init)
    i.HAL_ADC_MspInit                        0x080009c4   Section        0  stm32f4xx_hal_msp.o(i.HAL_ADC_MspInit)
    i.HAL_ADC_Start                          0x08000a08   Section        0  stm32f4xx_hal_adc.o(i.HAL_ADC_Start)
    i.HAL_Delay                              0x08000ac4   Section        0  stm32f4xx_hal.o(i.HAL_Delay)
    i.HAL_EXTI_GetHandle                     0x08000ae8   Section        0  stm32f4xx_hal_exti.o(i.HAL_EXTI_GetHandle)
    i.HAL_EXTI_IRQHandler                    0x08000af4   Section        0  stm32f4xx_hal_exti.o(i.HAL_EXTI_IRQHandler)
    i.HAL_EXTI_RegisterCallback              0x08000b18   Section        0  stm32f4xx_hal_exti.o(i.HAL_EXTI_RegisterCallback)
    i.HAL_GPIO_DeInit                        0x08000b28   Section        0  stm32f4xx_hal_gpio.o(i.HAL_GPIO_DeInit)
    i.HAL_GPIO_Init                          0x08000c38   Section        0  stm32f4xx_hal_gpio.o(i.HAL_GPIO_Init)
    i.HAL_GPIO_ReadPin                       0x08000dc0   Section        0  stm32f4xx_hal_gpio.o(i.HAL_GPIO_ReadPin)
    i.HAL_GPIO_TogglePin                     0x08000dca   Section        0  stm32f4xx_hal_gpio.o(i.HAL_GPIO_TogglePin)
    i.HAL_GPIO_WritePin                      0x08000dd2   Section        0  stm32f4xx_hal_gpio.o(i.HAL_GPIO_WritePin)
    i.HAL_GetTick                            0x08000ddc   Section        0  stm32f4xx_hal.o(i.HAL_GetTick)
    i.HAL_IncTick                            0x08000de8   Section        0  stm32f4xx_hal.o(i.HAL_IncTick)
    i.HAL_Init                               0x08000df8   Section        0  stm32f4xx_hal.o(i.HAL_Init)
    i.HAL_InitTick                           0x08000e2c   Section        0  stm32f4xx_hal.o(i.HAL_InitTick)
    i.HAL_MspInit                            0x08000e6c   Section        0  stm32f4xx_hal_msp.o(i.HAL_MspInit)
    i.HAL_NVIC_EnableIRQ                     0x08000ef0   Section        0  stm32f4xx_hal_cortex.o(i.HAL_NVIC_EnableIRQ)
    i.HAL_NVIC_SetPriority                   0x08000f08   Section        0  stm32f4xx_hal_cortex.o(i.HAL_NVIC_SetPriority)
    i.HAL_NVIC_SetPriorityGrouping           0x08000f48   Section        0  stm32f4xx_hal_cortex.o(i.HAL_NVIC_SetPriorityGrouping)
    i.HAL_RCC_ClockConfig                    0x08000f6c   Section        0  stm32f4xx_hal_rcc.o(i.HAL_RCC_ClockConfig)
    i.HAL_RCC_GetPCLK1Freq                   0x0800109c   Section        0  stm32f4xx_hal_rcc.o(i.HAL_RCC_GetPCLK1Freq)
    i.HAL_RCC_GetPCLK2Freq                   0x080010bc   Section        0  stm32f4xx_hal_rcc.o(i.HAL_RCC_GetPCLK2Freq)
    i.HAL_RCC_GetSysClockFreq                0x080010dc   Section        0  stm32f4xx_hal_rcc.o(i.HAL_RCC_GetSysClockFreq)
    i.HAL_RCC_OscConfig                      0x0800113c   Section        0  stm32f4xx_hal_rcc.o(i.HAL_RCC_OscConfig)
    i.HAL_SPI_GetState                       0x08001458   Section        0  stm32f4xx_hal_spi.o(i.HAL_SPI_GetState)
    i.HAL_SPI_Init                           0x0800145e   Section        0  stm32f4xx_hal_spi.o(i.HAL_SPI_Init)
    i.HAL_SPI_MspInit                        0x080014de   Section        0  stm32f4xx_hal_spi.o(i.HAL_SPI_MspInit)
    i.HAL_SPI_TransmitReceive                0x080014e0   Section        0  stm32f4xx_hal_spi.o(i.HAL_SPI_TransmitReceive)
    i.HAL_SYSTICK_Callback                   0x080016b8   Section        0  stm32f4xx_hal_cortex.o(i.HAL_SYSTICK_Callback)
    i.HAL_SYSTICK_Config                     0x080016ba   Section        0  stm32f4xx_hal_cortex.o(i.HAL_SYSTICK_Config)
    i.HAL_SYSTICK_IRQHandler                 0x080016e2   Section        0  stm32f4xx_hal_cortex.o(i.HAL_SYSTICK_IRQHandler)
    i.HAL_TIMEx_BreakCallback                0x080016ea   Section        0  stm32f4xx_hal_tim_ex.o(i.HAL_TIMEx_BreakCallback)
    i.HAL_TIMEx_CommutationCallback          0x080016ec   Section        0  stm32f4xx_hal_tim_ex.o(i.HAL_TIMEx_CommutationCallback)
    i.HAL_TIMEx_MasterConfigSynchronization  0x080016ee   Section        0  stm32f4xx_hal_tim_ex.o(i.HAL_TIMEx_MasterConfigSynchronization)
    i.HAL_TIM_IC_CaptureCallback             0x0800173e   Section        0  stm32f4xx_hal_tim.o(i.HAL_TIM_IC_CaptureCallback)
    i.HAL_TIM_IRQHandler                     0x08001740   Section        0  stm32f4xx_hal_tim.o(i.HAL_TIM_IRQHandler)
    i.HAL_TIM_MspPostInit                    0x080018a8   Section        0  stm32f4xx_hal_msp.o(i.HAL_TIM_MspPostInit)
    i.HAL_TIM_OC_DelayElapsedCallback        0x080018f8   Section        0  stm32f4xx_hal_tim.o(i.HAL_TIM_OC_DelayElapsedCallback)
    i.HAL_TIM_PWM_ConfigChannel              0x080018fa   Section        0  stm32f4xx_hal_tim.o(i.HAL_TIM_PWM_ConfigChannel)
    i.HAL_TIM_PWM_Init                       0x080019ca   Section        0  stm32f4xx_hal_tim.o(i.HAL_TIM_PWM_Init)
    i.HAL_TIM_PWM_MspInit                    0x08001a00   Section        0  stm32f4xx_hal_msp.o(i.HAL_TIM_PWM_MspInit)
    i.HAL_TIM_PWM_PulseFinishedCallback      0x08001a38   Section        0  stm32f4xx_hal_tim.o(i.HAL_TIM_PWM_PulseFinishedCallback)
    i.HAL_TIM_PWM_Start                      0x08001a3c   Section        0  stm32f4xx_hal_tim.o(i.HAL_TIM_PWM_Start)
    i.HAL_TIM_PeriodElapsedCallback          0x08001a6c   Section        0  stm32f4xx_hal_tim.o(i.HAL_TIM_PeriodElapsedCallback)
    i.HAL_TIM_TriggerCallback                0x08001a6e   Section        0  stm32f4xx_hal_tim.o(i.HAL_TIM_TriggerCallback)
    i.HAL_UART_Init                          0x08001a70   Section        0  stm32f4xx_hal_uart.o(i.HAL_UART_Init)
    i.HAL_UART_MspInit                       0x08001ad4   Section        0  stm32f4xx_hal_msp.o(i.HAL_UART_MspInit)
    i.HAL_UART_Transmit                      0x08001b3c   Section        0  stm32f4xx_hal_uart.o(i.HAL_UART_Transmit)
    i.HCI_TL_SPI_DeInit                      0x08001bf8   Section        0  hci_tl_interface.o(i.HCI_TL_SPI_DeInit)
    i.HCI_TL_SPI_Init                        0x08001c1c   Section        0  hci_tl_interface.o(i.HCI_TL_SPI_Init)
    i.HCI_TL_SPI_Receive                     0x08001c80   Section        0  hci_tl_interface.o(i.HCI_TL_SPI_Receive)
    i.HCI_TL_SPI_Reset                       0x08001d00   Section        0  hci_tl_interface.o(i.HCI_TL_SPI_Reset)
    i.HCI_TL_SPI_Send                        0x08001d30   Section        0  hci_tl_interface.o(i.HCI_TL_SPI_Send)
    i.HardFault_Handler                      0x08001dc4   Section        0  stm32f4xx_it.o(i.HardFault_Handler)
    i.MX_ADC1_Init                           0x08001dc8   Section        0  main.o(i.MX_ADC1_Init)
    MX_ADC1_Init                             0x08001dc9   Thumb Code    70  main.o(i.MX_ADC1_Init)
    i.MX_GPIO_Init                           0x08001e1c   Section        0  main.o(i.MX_GPIO_Init)
    MX_GPIO_Init                             0x08001e1d   Thumb Code   178  main.o(i.MX_GPIO_Init)
    i.MX_SPI1_Init                           0x08001ee4   Section        0  nucleo_f401re_bus.o(i.MX_SPI1_Init)
    i.MX_TIM2_Init                           0x08001f20   Section        0  main.o(i.MX_TIM2_Init)
    MX_TIM2_Init                             0x08001f21   Thumb Code    86  main.o(i.MX_TIM2_Init)
    i.MX_USART2_UART_Init                    0x08001f7c   Section        0  stm32f4_nucleo_f401re.o(i.MX_USART2_UART_Init)
    i.MX_X_CUBE_BLE1_Init                    0x08001fa8   Section        0  app_x-cube-ble1.o(i.MX_X_CUBE_BLE1_Init)
    i.MX_X_CUBE_BLE1_Process                 0x080021ec   Section        0  app_x-cube-ble1.o(i.MX_X_CUBE_BLE1_Process)
    i.Make_Connection                        0x080021fc   Section        0  sample_service.o(i.Make_Connection)
    i.MemManage_Handler                      0x080022e8   Section        0  stm32f4xx_it.o(i.MemManage_Handler)
    i.NMI_Handler                            0x080022ea   Section        0  stm32f4xx_it.o(i.NMI_Handler)
    i.NVIC_SetPriority                       0x080022ec   Section        0  stm32f4xx_hal_cortex.o(i.NVIC_SetPriority)
    NVIC_SetPriority                         0x080022ed   Thumb Code    32  stm32f4xx_hal_cortex.o(i.NVIC_SetPriority)
    i.PendSV_Handler                         0x0800230c   Section        0  stm32f4xx_it.o(i.PendSV_Handler)
    i.SPI_CheckFlag_BSY                      0x0800230e   Section        0  stm32f4xx_hal_spi.o(i.SPI_CheckFlag_BSY)
    SPI_CheckFlag_BSY                        0x0800230f   Thumb Code    32  stm32f4xx_hal_spi.o(i.SPI_CheckFlag_BSY)
    i.SPI_WaitFlagStateUntilTimeout          0x0800232e   Section        0  stm32f4xx_hal_spi.o(i.SPI_WaitFlagStateUntilTimeout)
    SPI_WaitFlagStateUntilTimeout            0x0800232f   Thumb Code   150  stm32f4xx_hal_spi.o(i.SPI_WaitFlagStateUntilTimeout)
    i.SVC_Handler                            0x080023c4   Section        0  stm32f4xx_it.o(i.SVC_Handler)
    i.SysTick_Handler                        0x080023c6   Section        0  stm32f4xx_it.o(i.SysTick_Handler)
    i.SystemClock_Config                     0x080023d4   Section        0  main.o(i.SystemClock_Config)
    i.SystemInit                             0x0800245c   Section        0  system_stm32f4xx.o(i.SystemInit)
    i.TIM2_IRQHandler                        0x080024b0   Section        0  stm32f4xx_it.o(i.TIM2_IRQHandler)
    i.TIM_Base_SetConfig                     0x080024bc   Section        0  stm32f4xx_hal_tim.o(i.TIM_Base_SetConfig)
    i.TIM_CCxChannelCmd                      0x0800254c   Section        0  stm32f4xx_hal_tim.o(i.TIM_CCxChannelCmd)
    i.TIM_OC1_SetConfig                      0x08002564   Section        0  stm32f4xx_hal_tim.o(i.TIM_OC1_SetConfig)
    TIM_OC1_SetConfig                        0x08002565   Thumb Code    74  stm32f4xx_hal_tim.o(i.TIM_OC1_SetConfig)
    i.TIM_OC2_SetConfig                      0x080025b4   Section        0  stm32f4xx_hal_tim.o(i.TIM_OC2_SetConfig)
    i.TIM_OC3_SetConfig                      0x0800260c   Section        0  stm32f4xx_hal_tim.o(i.TIM_OC3_SetConfig)
    TIM_OC3_SetConfig                        0x0800260d   Thumb Code    82  stm32f4xx_hal_tim.o(i.TIM_OC3_SetConfig)
    i.TIM_OC4_SetConfig                      0x08002664   Section        0  stm32f4xx_hal_tim.o(i.TIM_OC4_SetConfig)
    TIM_OC4_SetConfig                        0x08002665   Thumb Code    64  stm32f4xx_hal_tim.o(i.TIM_OC4_SetConfig)
    i.UART_SetConfig                         0x080026a8   Section        0  stm32f4xx_hal_uart.o(i.UART_SetConfig)
    UART_SetConfig                           0x080026a9   Thumb Code   676  stm32f4xx_hal_uart.o(i.UART_SetConfig)
    i.UART_WaitOnFlagUntilTimeout            0x08002954   Section        0  stm32f4xx_hal_uart.o(i.UART_WaitOnFlagUntilTimeout)
    UART_WaitOnFlagUntilTimeout              0x08002955   Thumb Code   100  stm32f4xx_hal_uart.o(i.UART_WaitOnFlagUntilTimeout)
    i.UsageFault_Handler                     0x080029b8   Section        0  stm32f4xx_it.o(i.UsageFault_Handler)
    i.User_Process                           0x080029bc   Section        0  app_x-cube-ble1.o(i.User_Process)
    User_Process                             0x080029bd   Thumb Code   152  app_x-cube-ble1.o(i.User_Process)
    i.__0printf$8                            0x08002a80   Section        0  printf8.o(i.__0printf$8)
    i.__scatterload_copy                     0x08002aa0   Section       14  handlers.o(i.__scatterload_copy)
    i.__scatterload_null                     0x08002aae   Section        2  handlers.o(i.__scatterload_null)
    i.__scatterload_zeroinit                 0x08002ab0   Section       14  handlers.o(i.__scatterload_zeroinit)
    i._printf_core                           0x08002ac0   Section        0  printf8.o(i._printf_core)
    _printf_core                             0x08002ac1   Thumb Code   996  printf8.o(i._printf_core)
    i._printf_post_padding                   0x08002ed0   Section        0  printf8.o(i._printf_post_padding)
    _printf_post_padding                     0x08002ed1   Thumb Code    36  printf8.o(i._printf_post_padding)
    i._printf_pre_padding                    0x08002ef4   Section        0  printf8.o(i._printf_pre_padding)
    _printf_pre_padding                      0x08002ef5   Thumb Code    46  printf8.o(i._printf_pre_padding)
    i.aci_gap_create_connection              0x08002f22   Section        0  bluenrg_gap_aci.o(i.aci_gap_create_connection)
    i.aci_gap_init_IDB04A1                   0x08002fa6   Section        0  bluenrg_gap_aci.o(i.aci_gap_init_IDB04A1)
    i.aci_gap_init_IDB05A1                   0x0800300e   Section        0  bluenrg_gap_aci.o(i.aci_gap_init_IDB05A1)
    i.aci_gap_set_auth_requirement           0x0800307e   Section        0  bluenrg_gap_aci.o(i.aci_gap_set_auth_requirement)
    i.aci_gap_set_discoverable               0x080030f2   Section        0  bluenrg_gap_aci.o(i.aci_gap_set_discoverable)
    i.aci_gatt_add_char                      0x080031a2   Section        0  bluenrg_gatt_aci.o(i.aci_gatt_add_char)
    i.aci_gatt_add_serv                      0x08003252   Section        0  bluenrg_gatt_aci.o(i.aci_gatt_add_serv)
    i.aci_gatt_disc_charac_by_uuid           0x080032ce   Section        0  bluenrg_gatt_aci.o(i.aci_gatt_disc_charac_by_uuid)
    i.aci_gatt_init                          0x08003344   Section        0  bluenrg_gatt_aci.o(i.aci_gatt_init)
    i.aci_gatt_update_char_value             0x0800337e   Section        0  bluenrg_gatt_aci.o(i.aci_gatt_update_char_value)
    i.aci_gatt_write_charac_descriptor       0x080033ec   Section        0  bluenrg_gatt_aci.o(i.aci_gatt_write_charac_descriptor)
    i.aci_gatt_write_without_response        0x08003458   Section        0  bluenrg_gatt_aci.o(i.aci_gatt_write_without_response)
    i.aci_hal_set_tx_power_level             0x080034ba   Section        0  bluenrg_hal_aci.o(i.aci_hal_set_tx_power_level)
    i.aci_hal_write_config_data              0x08003502   Section        0  bluenrg_hal_aci.o(i.aci_hal_write_config_data)
    i.adc                                    0x08003560   Section        0  main.o(i.adc)
    i.enableNotification                     0x080035a4   Section        0  sample_service.o(i.enableNotification)
    i.fermer                                 0x080035e8   Section        0  main.o(i.fermer)
    i.fputc                                  0x080035f8   Section        0  stm32f4_nucleo_f401re.o(i.fputc)
    i.getBlueNRGVersion                      0x0800361c   Section        0  bluenrg_utils_small.o(i.getBlueNRGVersion)
    i.hci_init                               0x08003668   Section        0  hci_tl.o(i.hci_init)
    i.hci_le_read_local_version              0x080036c4   Section        0  hci_le.o(i.hci_le_read_local_version)
    i.hci_le_set_scan_resp_data              0x08003740   Section        0  hci_le.o(i.hci_le_set_scan_resp_data)
    i.hci_notify_asynch_evt                  0x080037a0   Section        0  hci_tl.o(i.hci_notify_asynch_evt)
    i.hci_register_io_bus                    0x08003800   Section        0  hci_tl.o(i.hci_register_io_bus)
    i.hci_reset                              0x0800381c   Section        0  hci_le.o(i.hci_reset)
    i.hci_send_req                           0x08003854   Section        0  hci_tl.o(i.hci_send_req)
    i.hci_tl_lowlevel_init                   0x080039dc   Section        0  hci_tl_interface.o(i.hci_tl_lowlevel_init)
    i.hci_tl_lowlevel_isr                    0x08003a48   Section        0  hci_tl_interface.o(i.hci_tl_lowlevel_isr)
    i.hci_user_evt_proc                      0x08003a68   Section        0  hci_tl.o(i.hci_user_evt_proc)
    i.list_get_size                          0x08003aa4   Section        0  ble_list.o(i.list_get_size)
    i.list_init_head                         0x08003ac0   Section        0  ble_list.o(i.list_init_head)
    i.list_insert_head                       0x08003ac6   Section        0  ble_list.o(i.list_insert_head)
    i.list_insert_tail                       0x08003ade   Section        0  ble_list.o(i.list_insert_tail)
    i.list_is_empty                          0x08003af6   Section        0  ble_list.o(i.list_is_empty)
    i.list_remove_head                       0x08003b0e   Section        0  ble_list.o(i.list_remove_head)
    i.list_remove_node                       0x08003b32   Section        0  ble_list.o(i.list_remove_node)
    i.list_remove_tail                       0x08003b48   Section        0  ble_list.o(i.list_remove_tail)
    i.main                                   0x08003b6c   Section        0  main.o(i.main)
    i.move_list                              0x08003bc0   Section        0  hci_tl.o(i.move_list)
    move_list                                0x08003bc1   Thumb Code    36  hci_tl.o(i.move_list)
    i.ouvrir                                 0x08003be4   Section        0  main.o(i.ouvrir)
    i.receiveData                            0x08003bf4   Section        0  sample_service.o(i.receiveData)
    i.sendData                               0x08003c3c   Section        0  sample_service.o(i.sendData)
    i.startReadRXCharHandle                  0x08003c7c   Section        0  sample_service.o(i.startReadRXCharHandle)
    i.startReadTXCharHandle                  0x08003cc4   Section        0  sample_service.o(i.startReadTXCharHandle)
    i.user_notify                            0x08003d0c   Section        0  sample_service.o(i.user_notify)
    .constdata                               0x08003e0c   Section       12  stm32f4_nucleo_f401re.o(.constdata)
    BUTTON_IRQn                              0x08003e0c   Data           1  stm32f4_nucleo_f401re.o(.constdata)
    LED_GPIO_PIN                             0x08003e0e   Data           2  stm32f4_nucleo_f401re.o(.constdata)
    BUTTON_PIN                               0x08003e10   Data           2  stm32f4_nucleo_f401re.o(.constdata)
    BUTTON_EXTI_LINE                         0x08003e14   Data           4  stm32f4_nucleo_f401re.o(.constdata)
    .constdata                               0x08003e18   Section       16  system_stm32f4xx.o(.constdata)
    .constdata                               0x08003e28   Section        8  system_stm32f4xx.o(.constdata)
    .data                                    0x20000000   Section        8  main.o(.data)
    .data                                    0x20000008   Section        8  hci_tl_interface.o(.data)
    .data                                    0x20000010   Section        3  app_x-cube-ble1.o(.data)
    .data                                    0x20000014   Section       24  sample_service.o(.data)
    .data                                    0x2000002c   Section       36  stm32f4_nucleo_f401re.o(.data)
    COM_ActiveLogPort                        0x2000002c   Data           1  stm32f4_nucleo_f401re.o(.data)
    LED_GPIO_PORT                            0x20000030   Data           4  stm32f4_nucleo_f401re.o(.data)
    BUTTON_PORT                              0x20000034   Data           4  stm32f4_nucleo_f401re.o(.data)
    ButtonCallback                           0x2000003c   Data           4  stm32f4_nucleo_f401re.o(.data)
    BSP_BUTTON_PRIO                          0x20000040   Data           4  stm32f4_nucleo_f401re.o(.data)
    .data                                    0x20000050   Section       12  stm32f4xx_hal.o(.data)
    .data                                    0x2000005c   Section        4  system_stm32f4xx.o(.data)
    .data                                    0x20000060   Section       16  hci_tl.o(.data)
    .data                                    0x20000070   Section        4  stdout.o(.data)
    .bss                                     0x20000074   Section      196  main.o(.bss)
    .bss                                     0x20000138   Section      255  hci_tl_interface.o(.bss)
    read_char_buf                            0x20000138   Data         255  hci_tl_interface.o(.bss)
    .bss                                     0x20000238   Section       88  nucleo_f401re_bus.o(.bss)
    .bss                                     0x20000290   Section       64  stm32f4_nucleo_f401re.o(.bss)
    .bss                                     0x200002d0   Section      732  hci_tl.o(.bss)
    hciReadPacketBuffer                      0x200002d0   Data         700  hci_tl.o(.bss)
    hciContext                               0x2000058c   Data          32  hci_tl.o(.bss)
    STACK                                    0x200005b0   Section     1024  startup_stm32f401xe.o(STACK)

    Global Symbols

    Symbol Name                              Value     Ov Type        Size  Object(Section)

    BuildAttributes$$THM_ISAv4$E$P$D$K$B$S$7EM$VFPi3$EXTD16$VFPS$VFMA$PE$A:L22UL41UL21$X:L11$S22US41US21$IEEE1$IW$USESV6$~STKCKD$USESV7$~SHL$OSPACE$ROPI$EBA8$MICROLIB$REQ8$PRES8$EABIv2 0x00000000   Number         0  anon$$obj.o ABSOLUTE
    __ARM_use_no_argv                        0x00000000   Number         0  main.o ABSOLUTE
    _printf_a                                0x00000000   Number         0  stubs.o ABSOLUTE
    _printf_c                                0x00000000   Number         0  stubs.o ABSOLUTE
    _printf_charcount                        0x00000000   Number         0  stubs.o ABSOLUTE
    _printf_d                                0x00000000   Number         0  stubs.o ABSOLUTE
    _printf_e                                0x00000000   Number         0  stubs.o ABSOLUTE
    _printf_f                                0x00000000   Number         0  stubs.o ABSOLUTE
    _printf_flags                            0x00000000   Number         0  stubs.o ABSOLUTE
    _printf_fp_dec                           0x00000000   Number         0  stubs.o ABSOLUTE
    _printf_fp_hex                           0x00000000   Number         0  stubs.o ABSOLUTE
    _printf_g                                0x00000000   Number         0  stubs.o ABSOLUTE
    _printf_i                                0x00000000   Number         0  stubs.o ABSOLUTE
    _printf_int_dec                          0x00000000   Number         0  stubs.o ABSOLUTE
    _printf_l                                0x00000000   Number         0  stubs.o ABSOLUTE
    _printf_lc                               0x00000000   Number         0  stubs.o ABSOLUTE
    _printf_ll                               0x00000000   Number         0  stubs.o ABSOLUTE
    _printf_lld                              0x00000000   Number         0  stubs.o ABSOLUTE
    _printf_lli                              0x00000000   Number         0  stubs.o ABSOLUTE
    _printf_llo                              0x00000000   Number         0  stubs.o ABSOLUTE
    _printf_llu                              0x00000000   Number         0  stubs.o ABSOLUTE
    _printf_llx                              0x00000000   Number         0  stubs.o ABSOLUTE
    _printf_longlong_dec                     0x00000000   Number         0  stubs.o ABSOLUTE
    _printf_longlong_hex                     0x00000000   Number         0  stubs.o ABSOLUTE
    _printf_longlong_oct                     0x00000000   Number         0  stubs.o ABSOLUTE
    _printf_ls                               0x00000000   Number         0  stubs.o ABSOLUTE
    _printf_mbtowc                           0x00000000   Number         0  stubs.o ABSOLUTE
    _printf_n                                0x00000000   Number         0  stubs.o ABSOLUTE
    _printf_o                                0x00000000   Number         0  stubs.o ABSOLUTE
    _printf_p                                0x00000000   Number         0  stubs.o ABSOLUTE
    _printf_percent                          0x00000000   Number         0  stubs.o ABSOLUTE
    _printf_pre_padding                      0x00000000   Number         0  stubs.o ABSOLUTE
    _printf_return_value                     0x00000000   Number         0  stubs.o ABSOLUTE
    _printf_s                                0x00000000   Number         0  stubs.o ABSOLUTE
    _printf_sizespec                         0x00000000   Number         0  stubs.o ABSOLUTE
    _printf_str                              0x00000000   Number         0  stubs.o ABSOLUTE
    _printf_truncate_signed                  0x00000000   Number         0  stubs.o ABSOLUTE
    _printf_truncate_unsigned                0x00000000   Number         0  stubs.o ABSOLUTE
    _printf_u                                0x00000000   Number         0  stubs.o ABSOLUTE
    _printf_wc                               0x00000000   Number         0  stubs.o ABSOLUTE
    _printf_wctomb                           0x00000000   Number         0  stubs.o ABSOLUTE
    _printf_widthprec                        0x00000000   Number         0  stubs.o ABSOLUTE
    _printf_x                                0x00000000   Number         0  stubs.o ABSOLUTE
    __cpp_initialize__aeabi_                  - Undefined Weak Reference
    __cxa_finalize                            - Undefined Weak Reference
    __decompress                              - Undefined Weak Reference
    _clock_init                               - Undefined Weak Reference
    _microlib_exit                            - Undefined Weak Reference
    __Vectors_Size                           0x00000194   Number         0  startup_stm32f401xe.o ABSOLUTE
    __Vectors                                0x08000000   Data           4  startup_stm32f401xe.o(RESET)
    __Vectors_End                            0x08000194   Data           0  startup_stm32f401xe.o(RESET)
    __main                                   0x08000195   Thumb Code     0  entry.o(.ARM.Collect$$$$00000000)
    _main_stk                                0x08000195   Thumb Code     0  entry2.o(.ARM.Collect$$$$00000001)
    _main_scatterload                        0x08000199   Thumb Code     0  entry5.o(.ARM.Collect$$$$00000004)
    __main_after_scatterload                 0x0800019d   Thumb Code     0  entry5.o(.ARM.Collect$$$$00000004)
    _main_clock                              0x0800019d   Thumb Code     0  entry7b.o(.ARM.Collect$$$$00000008)
    _main_cpp_init                           0x0800019d   Thumb Code     0  entry8b.o(.ARM.Collect$$$$0000000A)
    _main_init                               0x0800019d   Thumb Code     0  entry9a.o(.ARM.Collect$$$$0000000B)
    __rt_final_cpp                           0x080001a5   Thumb Code     0  entry10a.o(.ARM.Collect$$$$0000000D)
    __rt_final_exit                          0x080001a5   Thumb Code     0  entry11a.o(.ARM.Collect$$$$0000000F)
    Reset_Handler                            0x080001a9   Thumb Code     8  startup_stm32f401xe.o(.text)
    ADC_IRQHandler                           0x080001c3   Thumb Code     0  startup_stm32f401xe.o(.text)
    DMA1_Stream0_IRQHandler                  0x080001c3   Thumb Code     0  startup_stm32f401xe.o(.text)
    DMA1_Stream1_IRQHandler                  0x080001c3   Thumb Code     0  startup_stm32f401xe.o(.text)
    DMA1_Stream2_IRQHandler                  0x080001c3   Thumb Code     0  startup_stm32f401xe.o(.text)
    DMA1_Stream3_IRQHandler                  0x080001c3   Thumb Code     0  startup_stm32f401xe.o(.text)
    DMA1_Stream4_IRQHandler                  0x080001c3   Thumb Code     0  startup_stm32f401xe.o(.text)
    DMA1_Stream5_IRQHandler                  0x080001c3   Thumb Code     0  startup_stm32f401xe.o(.text)
    DMA1_Stream6_IRQHandler                  0x080001c3   Thumb Code     0  startup_stm32f401xe.o(.text)
    DMA1_Stream7_IRQHandler                  0x080001c3   Thumb Code     0  startup_stm32f401xe.o(.text)
    DMA2_Stream0_IRQHandler                  0x080001c3   Thumb Code     0  startup_stm32f401xe.o(.text)
    DMA2_Stream1_IRQHandler                  0x080001c3   Thumb Code     0  startup_stm32f401xe.o(.text)
    DMA2_Stream2_IRQHandler                  0x080001c3   Thumb Code     0  startup_stm32f401xe.o(.text)
    DMA2_Stream3_IRQHandler                  0x080001c3   Thumb Code     0  startup_stm32f401xe.o(.text)
    DMA2_Stream4_IRQHandler                  0x080001c3   Thumb Code     0  startup_stm32f401xe.o(.text)
    DMA2_Stream5_IRQHandler                  0x080001c3   Thumb Code     0  startup_stm32f401xe.o(.text)
    DMA2_Stream6_IRQHandler                  0x080001c3   Thumb Code     0  startup_stm32f401xe.o(.text)
    DMA2_Stream7_IRQHandler                  0x080001c3   Thumb Code     0  startup_stm32f401xe.o(.text)
    EXTI15_10_IRQHandler                     0x080001c3   Thumb Code     0  startup_stm32f401xe.o(.text)
    EXTI1_IRQHandler                         0x080001c3   Thumb Code     0  startup_stm32f401xe.o(.text)
    EXTI2_IRQHandler                         0x080001c3   Thumb Code     0  startup_stm32f401xe.o(.text)
    EXTI3_IRQHandler                         0x080001c3   Thumb Code     0  startup_stm32f401xe.o(.text)
    EXTI4_IRQHandler                         0x080001c3   Thumb Code     0  startup_stm32f401xe.o(.text)
    EXTI9_5_IRQHandler                       0x080001c3   Thumb Code     0  startup_stm32f401xe.o(.text)
    FLASH_IRQHandler                         0x080001c3   Thumb Code     0  startup_stm32f401xe.o(.text)
    FPU_IRQHandler                           0x080001c3   Thumb Code     0  startup_stm32f401xe.o(.text)
    I2C1_ER_IRQHandler                       0x080001c3   Thumb Code     0  startup_stm32f401xe.o(.text)
    I2C1_EV_IRQHandler                       0x080001c3   Thumb Code     0  startup_stm32f401xe.o(.text)
    I2C2_ER_IRQHandler                       0x080001c3   Thumb Code     0  startup_stm32f401xe.o(.text)
    I2C2_EV_IRQHandler                       0x080001c3   Thumb Code     0  startup_stm32f401xe.o(.text)
    I2C3_ER_IRQHandler                       0x080001c3   Thumb Code     0  startup_stm32f401xe.o(.text)
    I2C3_EV_IRQHandler                       0x080001c3   Thumb Code     0  startup_stm32f401xe.o(.text)
    OTG_FS_IRQHandler                        0x080001c3   Thumb Code     0  startup_stm32f401xe.o(.text)
    OTG_FS_WKUP_IRQHandler                   0x080001c3   Thumb Code     0  startup_stm32f401xe.o(.text)
    PVD_IRQHandler                           0x080001c3   Thumb Code     0  startup_stm32f401xe.o(.text)
    RCC_IRQHandler                           0x080001c3   Thumb Code     0  startup_stm32f401xe.o(.text)
    RTC_Alarm_IRQHandler                     0x080001c3   Thumb Code     0  startup_stm32f401xe.o(.text)
    RTC_WKUP_IRQHandler                      0x080001c3   Thumb Code     0  startup_stm32f401xe.o(.text)
    SDIO_IRQHandler                          0x080001c3   Thumb Code     0  startup_stm32f401xe.o(.text)
    SPI1_IRQHandler                          0x080001c3   Thumb Code     0  startup_stm32f401xe.o(.text)
    SPI2_IRQHandler                          0x080001c3   Thumb Code     0  startup_stm32f401xe.o(.text)
    SPI3_IRQHandler                          0x080001c3   Thumb Code     0  startup_stm32f401xe.o(.text)
    SPI4_IRQHandler                          0x080001c3   Thumb Code     0  startup_stm32f401xe.o(.text)
    TAMP_STAMP_IRQHandler                    0x080001c3   Thumb Code     0  startup_stm32f401xe.o(.text)
    TIM1_BRK_TIM9_IRQHandler                 0x080001c3   Thumb Code     0  startup_stm32f401xe.o(.text)
    TIM1_CC_IRQHandler                       0x080001c3   Thumb Code     0  startup_stm32f401xe.o(.text)
    TIM1_TRG_COM_TIM11_IRQHandler            0x080001c3   Thumb Code     0  startup_stm32f401xe.o(.text)
    TIM1_UP_TIM10_IRQHandler                 0x080001c3   Thumb Code     0  startup_stm32f401xe.o(.text)
    TIM3_IRQHandler                          0x080001c3   Thumb Code     0  startup_stm32f401xe.o(.text)
    TIM4_IRQHandler                          0x080001c3   Thumb Code     0  startup_stm32f401xe.o(.text)
    TIM5_IRQHandler                          0x080001c3   Thumb Code     0  startup_stm32f401xe.o(.text)
    USART1_IRQHandler                        0x080001c3   Thumb Code     0  startup_stm32f401xe.o(.text)
    USART2_IRQHandler                        0x080001c3   Thumb Code     0  startup_stm32f401xe.o(.text)
    USART6_IRQHandler                        0x080001c3   Thumb Code     0  startup_stm32f401xe.o(.text)
    WWDG_IRQHandler                          0x080001c3   Thumb Code     0  startup_stm32f401xe.o(.text)
    __aeabi_uldivmod                         0x080001cd   Thumb Code    98  uldiv.o(.text)
    __aeabi_memcpy                           0x0800022f   Thumb Code    36  memcpya.o(.text)
    __aeabi_memcpy4                          0x0800022f   Thumb Code     0  memcpya.o(.text)
    __aeabi_memcpy8                          0x0800022f   Thumb Code     0  memcpya.o(.text)
    __aeabi_memset                           0x08000253   Thumb Code    14  memseta.o(.text)
    __aeabi_memset4                          0x08000253   Thumb Code     0  memseta.o(.text)
    __aeabi_memset8                          0x08000253   Thumb Code     0  memseta.o(.text)
    __aeabi_memclr                           0x08000261   Thumb Code     4  memseta.o(.text)
    __aeabi_memclr4                          0x08000261   Thumb Code     0  memseta.o(.text)
    __aeabi_memclr8                          0x08000261   Thumb Code     0  memseta.o(.text)
    _memset$wrapper                          0x08000265   Thumb Code    18  memseta.o(.text)
    __aeabi_llsl                             0x08000277   Thumb Code    30  llshl.o(.text)
    _ll_shift_l                              0x08000277   Thumb Code     0  llshl.o(.text)
    __aeabi_llsr                             0x08000295   Thumb Code    32  llushr.o(.text)
    _ll_ushift_r                             0x08000295   Thumb Code     0  llushr.o(.text)
    __scatterload                            0x080002b5   Thumb Code    28  init.o(.text)
    __scatterload_rt2                        0x080002b5   Thumb Code     0  init.o(.text)
    Add_Sample_Service                       0x080003fd   Thumb Code   132  sample_service.o(i.Add_Sample_Service)
    Attribute_Modified_CB                    0x080004b5   Thumb Code    40  sample_service.o(i.Attribute_Modified_CB)
    BSP_COM_Init                             0x080004e1   Thumb Code    66  stm32f4_nucleo_f401re.o(i.BSP_COM_Init)
    BSP_GetTick                              0x08000531   Thumb Code     4  nucleo_f401re_bus.o(i.BSP_GetTick)
    BSP_LED_Init                             0x08000535   Thumb Code    74  stm32f4_nucleo_f401re.o(i.BSP_LED_Init)
    BSP_LED_Off                              0x0800058d   Thumb Code    24  stm32f4_nucleo_f401re.o(i.BSP_LED_Off)
    BSP_LED_On                               0x080005ad   Thumb Code    24  stm32f4_nucleo_f401re.o(i.BSP_LED_On)
    BSP_LED_Toggle                           0x080005cd   Thumb Code    22  stm32f4_nucleo_f401re.o(i.BSP_LED_Toggle)
    BSP_PB_Callback                          0x080005ed   Thumb Code     2  stm32f4_nucleo_f401re.o(i.BSP_PB_Callback)
    BSP_PB_GetState                          0x080005f1   Thumb Code    16  stm32f4_nucleo_f401re.o(i.BSP_PB_GetState)
    BSP_PB_Init                              0x08000609   Thumb Code   154  stm32f4_nucleo_f401re.o(i.BSP_PB_Init)
    BSP_SPI1_Init                            0x080006b5   Thumb Code   104  nucleo_f401re_bus.o(i.BSP_SPI1_Init)
    BSP_SPI1_SendRecv                        0x08000731   Thumb Code    34  nucleo_f401re_bus.o(i.BSP_SPI1_SendRecv)
    BusFault_Handler                         0x08000763   Thumb Code     2  stm32f4xx_it.o(i.BusFault_Handler)
    DebugMon_Handler                         0x08000765   Thumb Code     2  stm32f4xx_it.o(i.DebugMon_Handler)
    EXTI0_IRQHandler                         0x08000769   Thumb Code     6  stm32f4xx_it.o(i.EXTI0_IRQHandler)
    GAP_ConnectionComplete_CB                0x08000775   Thumb Code    46  sample_service.o(i.GAP_ConnectionComplete_CB)
    GAP_DisconnectionComplete_CB             0x080007d1   Thumb Code    30  sample_service.o(i.GAP_DisconnectionComplete_CB)
    GATT_Notification_CB                     0x08000805   Thumb Code    18  sample_service.o(i.GATT_Notification_CB)
    HAL_ADC_ConfigChannel                    0x0800081d   Thumb Code   316  stm32f4xx_hal_adc.o(i.HAL_ADC_ConfigChannel)
    HAL_ADC_GetValue                         0x08000969   Thumb Code     6  stm32f4xx_hal_adc.o(i.HAL_ADC_GetValue)
    HAL_ADC_Init                             0x0800096f   Thumb Code    84  stm32f4xx_hal_adc.o(i.HAL_ADC_Init)
    HAL_ADC_MspInit                          0x080009c5   Thumb Code    54  stm32f4xx_hal_msp.o(i.HAL_ADC_MspInit)
    HAL_ADC_Start                            0x08000a09   Thumb Code   170  stm32f4xx_hal_adc.o(i.HAL_ADC_Start)
    HAL_Delay                                0x08000ac5   Thumb Code    32  stm32f4xx_hal.o(i.HAL_Delay)
    HAL_EXTI_GetHandle                       0x08000ae9   Thumb Code    12  stm32f4xx_hal_exti.o(i.HAL_EXTI_GetHandle)
    HAL_EXTI_IRQHandler                      0x08000af5   Thumb Code    30  stm32f4xx_hal_exti.o(i.HAL_EXTI_IRQHandler)
    HAL_EXTI_RegisterCallback                0x08000b19   Thumb Code    14  stm32f4xx_hal_exti.o(i.HAL_EXTI_RegisterCallback)
    HAL_GPIO_DeInit                          0x08000b29   Thumb Code   244  stm32f4xx_hal_gpio.o(i.HAL_GPIO_DeInit)
    HAL_GPIO_Init                            0x08000c39   Thumb Code   358  stm32f4xx_hal_gpio.o(i.HAL_GPIO_Init)
    HAL_GPIO_ReadPin                         0x08000dc1   Thumb Code    10  stm32f4xx_hal_gpio.o(i.HAL_GPIO_ReadPin)
    HAL_GPIO_TogglePin                       0x08000dcb   Thumb Code     8  stm32f4xx_hal_gpio.o(i.HAL_GPIO_TogglePin)
    HAL_GPIO_WritePin                        0x08000dd3   Thumb Code    10  stm32f4xx_hal_gpio.o(i.HAL_GPIO_WritePin)
    HAL_GetTick                              0x08000ddd   Thumb Code     6  stm32f4xx_hal.o(i.HAL_GetTick)
    HAL_IncTick                              0x08000de9   Thumb Code    12  stm32f4xx_hal.o(i.HAL_IncTick)
    HAL_Init                                 0x08000df9   Thumb Code    48  stm32f4xx_hal.o(i.HAL_Init)
    HAL_InitTick                             0x08000e2d   Thumb Code    54  stm32f4xx_hal.o(i.HAL_InitTick)
    HAL_MspInit                              0x08000e6d   Thumb Code   126  stm32f4xx_hal_msp.o(i.HAL_MspInit)
    HAL_NVIC_EnableIRQ                       0x08000ef1   Thumb Code    22  stm32f4xx_hal_cortex.o(i.HAL_NVIC_EnableIRQ)
    HAL_NVIC_SetPriority                     0x08000f09   Thumb Code    60  stm32f4xx_hal_cortex.o(i.HAL_NVIC_SetPriority)
    HAL_NVIC_SetPriorityGrouping             0x08000f49   Thumb Code    26  stm32f4xx_hal_cortex.o(i.HAL_NVIC_SetPriorityGrouping)
    HAL_RCC_ClockConfig                      0x08000f6d   Thumb Code   286  stm32f4xx_hal_rcc.o(i.HAL_RCC_ClockConfig)
    HAL_RCC_GetPCLK1Freq                     0x0800109d   Thumb Code    20  stm32f4xx_hal_rcc.o(i.HAL_RCC_GetPCLK1Freq)
    HAL_RCC_GetPCLK2Freq                     0x080010bd   Thumb Code    20  stm32f4xx_hal_rcc.o(i.HAL_RCC_GetPCLK2Freq)
    HAL_RCC_GetSysClockFreq                  0x080010dd   Thumb Code    88  stm32f4xx_hal_rcc.o(i.HAL_RCC_GetSysClockFreq)
    HAL_RCC_OscConfig                        0x0800113d   Thumb Code   770  stm32f4xx_hal_rcc.o(i.HAL_RCC_OscConfig)
    HAL_SPI_GetState                         0x08001459   Thumb Code     6  stm32f4xx_hal_spi.o(i.HAL_SPI_GetState)
    HAL_SPI_Init                             0x0800145f   Thumb Code   128  stm32f4xx_hal_spi.o(i.HAL_SPI_Init)
    HAL_SPI_MspInit                          0x080014df   Thumb Code     2  stm32f4xx_hal_spi.o(i.HAL_SPI_MspInit)
    HAL_SPI_TransmitReceive                  0x080014e1   Thumb Code   472  stm32f4xx_hal_spi.o(i.HAL_SPI_TransmitReceive)
    HAL_SYSTICK_Callback                     0x080016b9   Thumb Code     2  stm32f4xx_hal_cortex.o(i.HAL_SYSTICK_Callback)
    HAL_SYSTICK_Config                       0x080016bb   Thumb Code    40  stm32f4xx_hal_cortex.o(i.HAL_SYSTICK_Config)
    HAL_SYSTICK_IRQHandler                   0x080016e3   Thumb Code     8  stm32f4xx_hal_cortex.o(i.HAL_SYSTICK_IRQHandler)
    HAL_TIMEx_BreakCallback                  0x080016eb   Thumb Code     2  stm32f4xx_hal_tim_ex.o(i.HAL_TIMEx_BreakCallback)
    HAL_TIMEx_CommutationCallback            0x080016ed   Thumb Code     2  stm32f4xx_hal_tim_ex.o(i.HAL_TIMEx_CommutationCallback)
    HAL_TIMEx_MasterConfigSynchronization    0x080016ef   Thumb Code    80  stm32f4xx_hal_tim_ex.o(i.HAL_TIMEx_MasterConfigSynchronization)
    HAL_TIM_IC_CaptureCallback               0x0800173f   Thumb Code     2  stm32f4xx_hal_tim.o(i.HAL_TIM_IC_CaptureCallback)
    HAL_TIM_IRQHandler                       0x08001741   Thumb Code   358  stm32f4xx_hal_tim.o(i.HAL_TIM_IRQHandler)
    HAL_TIM_MspPostInit                      0x080018a9   Thumb Code    72  stm32f4xx_hal_msp.o(i.HAL_TIM_MspPostInit)
    HAL_TIM_OC_DelayElapsedCallback          0x080018f9   Thumb Code     2  stm32f4xx_hal_tim.o(i.HAL_TIM_OC_DelayElapsedCallback)
    HAL_TIM_PWM_ConfigChannel                0x080018fb   Thumb Code   208  stm32f4xx_hal_tim.o(i.HAL_TIM_PWM_ConfigChannel)
    HAL_TIM_PWM_Init                         0x080019cb   Thumb Code    54  stm32f4xx_hal_tim.o(i.HAL_TIM_PWM_Init)
    HAL_TIM_PWM_MspInit                      0x08001a01   Thumb Code    50  stm32f4xx_hal_msp.o(i.HAL_TIM_PWM_MspInit)
    HAL_TIM_PWM_PulseFinishedCallback        0x08001a39   Thumb Code     2  stm32f4xx_hal_tim.o(i.HAL_TIM_PWM_PulseFinishedCallback)
    HAL_TIM_PWM_Start                        0x08001a3d   Thumb Code    42  stm32f4xx_hal_tim.o(i.HAL_TIM_PWM_Start)
    HAL_TIM_PeriodElapsedCallback            0x08001a6d   Thumb Code     2  stm32f4xx_hal_tim.o(i.HAL_TIM_PeriodElapsedCallback)
    HAL_TIM_TriggerCallback                  0x08001a6f   Thumb Code     2  stm32f4xx_hal_tim.o(i.HAL_TIM_TriggerCallback)
    HAL_UART_Init                            0x08001a71   Thumb Code    98  stm32f4xx_hal_uart.o(i.HAL_UART_Init)
    HAL_UART_MspInit                         0x08001ad5   Thumb Code    90  stm32f4xx_hal_msp.o(i.HAL_UART_MspInit)
    HAL_UART_Transmit                        0x08001b3d   Thumb Code   186  stm32f4xx_hal_uart.o(i.HAL_UART_Transmit)
    HCI_TL_SPI_DeInit                        0x08001bf9   Thumb Code    32  hci_tl_interface.o(i.HCI_TL_SPI_DeInit)
    HCI_TL_SPI_Init                          0x08001c1d   Thumb Code    88  hci_tl_interface.o(i.HCI_TL_SPI_Init)
    HCI_TL_SPI_Receive                       0x08001c81   Thumb Code   116  hci_tl_interface.o(i.HCI_TL_SPI_Receive)
    HCI_TL_SPI_Reset                         0x08001d01   Thumb Code    44  hci_tl_interface.o(i.HCI_TL_SPI_Reset)
    HCI_TL_SPI_Send                          0x08001d31   Thumb Code   130  hci_tl_interface.o(i.HCI_TL_SPI_Send)
    HardFault_Handler                        0x08001dc5   Thumb Code     2  stm32f4xx_it.o(i.HardFault_Handler)
    MX_SPI1_Init                             0x08001ee5   Thumb Code    54  nucleo_f401re_bus.o(i.MX_SPI1_Init)
    MX_USART2_UART_Init                      0x08001f7d   Thumb Code    40  stm32f4_nucleo_f401re.o(i.MX_USART2_UART_Init)
    MX_X_CUBE_BLE1_Init                      0x08001fa9   Thumb Code   308  app_x-cube-ble1.o(i.MX_X_CUBE_BLE1_Init)
    MX_X_CUBE_BLE1_Process                   0x080021ed   Thumb Code    14  app_x-cube-ble1.o(i.MX_X_CUBE_BLE1_Process)
    Make_Connection                          0x080021fd   Thumb Code   144  sample_service.o(i.Make_Connection)
    MemManage_Handler                        0x080022e9   Thumb Code     2  stm32f4xx_it.o(i.MemManage_Handler)
    NMI_Handler                              0x080022eb   Thumb Code     2  stm32f4xx_it.o(i.NMI_Handler)
    PendSV_Handler                           0x0800230d   Thumb Code     2  stm32f4xx_it.o(i.PendSV_Handler)
    SVC_Handler                              0x080023c5   Thumb Code     2  stm32f4xx_it.o(i.SVC_Handler)
    SysTick_Handler                          0x080023c7   Thumb Code    14  stm32f4xx_it.o(i.SysTick_Handler)
    SystemClock_Config                       0x080023d5   Thumb Code   126  main.o(i.SystemClock_Config)
    SystemInit                               0x0800245d   Thumb Code    66  system_stm32f4xx.o(i.SystemInit)
    TIM2_IRQHandler                          0x080024b1   Thumb Code     6  stm32f4xx_it.o(i.TIM2_IRQHandler)
    TIM_Base_SetConfig                       0x080024bd   Thumb Code   114  stm32f4xx_hal_tim.o(i.TIM_Base_SetConfig)
    TIM_CCxChannelCmd                        0x0800254d   Thumb Code    22  stm32f4xx_hal_tim.o(i.TIM_CCxChannelCmd)
    TIM_OC2_SetConfig                        0x080025b5   Thumb Code    84  stm32f4xx_hal_tim.o(i.TIM_OC2_SetConfig)
    UsageFault_Handler                       0x080029b9   Thumb Code     2  stm32f4xx_it.o(i.UsageFault_Handler)
    __0printf$8                              0x08002a81   Thumb Code    22  printf8.o(i.__0printf$8)
    __1printf$8                              0x08002a81   Thumb Code     0  printf8.o(i.__0printf$8)
    __2printf                                0x08002a81   Thumb Code     0  printf8.o(i.__0printf$8)
    __scatterload_copy                       0x08002aa1   Thumb Code    14  handlers.o(i.__scatterload_copy)
    __scatterload_null                       0x08002aaf   Thumb Code     2  handlers.o(i.__scatterload_null)
    __scatterload_zeroinit                   0x08002ab1   Thumb Code    14  handlers.o(i.__scatterload_zeroinit)
    aci_gap_create_connection                0x08002f23   Thumb Code   132  bluenrg_gap_aci.o(i.aci_gap_create_connection)
    aci_gap_init_IDB04A1                     0x08002fa7   Thumb Code   104  bluenrg_gap_aci.o(i.aci_gap_init_IDB04A1)
    aci_gap_init_IDB05A1                     0x0800300f   Thumb Code   112  bluenrg_gap_aci.o(i.aci_gap_init_IDB05A1)
    aci_gap_set_auth_requirement             0x0800307f   Thumb Code   116  bluenrg_gap_aci.o(i.aci_gap_set_auth_requirement)
    aci_gap_set_discoverable                 0x080030f3   Thumb Code   176  bluenrg_gap_aci.o(i.aci_gap_set_discoverable)
    aci_gatt_add_char                        0x080031a3   Thumb Code   176  bluenrg_gatt_aci.o(i.aci_gatt_add_char)
    aci_gatt_add_serv                        0x08003253   Thumb Code   124  bluenrg_gatt_aci.o(i.aci_gatt_add_serv)
    aci_gatt_disc_charac_by_uuid             0x080032cf   Thumb Code   118  bluenrg_gatt_aci.o(i.aci_gatt_disc_charac_by_uuid)
    aci_gatt_init                            0x08003345   Thumb Code    58  bluenrg_gatt_aci.o(i.aci_gatt_init)
    aci_gatt_update_char_value               0x0800337f   Thumb Code   110  bluenrg_gatt_aci.o(i.aci_gatt_update_char_value)
    aci_gatt_write_charac_descriptor         0x080033ed   Thumb Code   108  bluenrg_gatt_aci.o(i.aci_gatt_write_charac_descriptor)
    aci_gatt_write_without_response          0x08003459   Thumb Code    98  bluenrg_gatt_aci.o(i.aci_gatt_write_without_response)
    aci_hal_set_tx_power_level               0x080034bb   Thumb Code    72  bluenrg_hal_aci.o(i.aci_hal_set_tx_power_level)
    aci_hal_write_config_data                0x08003503   Thumb Code    94  bluenrg_hal_aci.o(i.aci_hal_write_config_data)
    adc                                      0x08003561   Thumb Code    58  main.o(i.adc)
    enableNotification                       0x080035a5   Thumb Code    60  sample_service.o(i.enableNotification)
    fermer                                   0x080035e9   Thumb Code    10  main.o(i.fermer)
    fputc                                    0x080035f9   Thumb Code    28  stm32f4_nucleo_f401re.o(i.fputc)
    getBlueNRGVersion                        0x0800361d   Thumb Code    76  bluenrg_utils_small.o(i.getBlueNRGVersion)
    hci_init                                 0x08003669   Thumb Code    80  hci_tl.o(i.hci_init)
    hci_le_read_local_version                0x080036c5   Thumb Code   124  hci_le.o(i.hci_le_read_local_version)
    hci_le_set_scan_resp_data                0x08003741   Thumb Code    96  hci_le.o(i.hci_le_set_scan_resp_data)
    hci_notify_asynch_evt                    0x080037a1   Thumb Code    88  hci_tl.o(i.hci_notify_asynch_evt)
    hci_register_io_bus                      0x08003801   Thumb Code    24  hci_tl.o(i.hci_register_io_bus)
    hci_reset                                0x0800381d   Thumb Code    54  hci_le.o(i.hci_reset)
    hci_send_req                             0x08003855   Thumb Code   382  hci_tl.o(i.hci_send_req)
    hci_tl_lowlevel_init                     0x080039dd   Thumb Code    74  hci_tl_interface.o(i.hci_tl_lowlevel_init)
    hci_tl_lowlevel_isr                      0x08003a49   Thumb Code    26  hci_tl_interface.o(i.hci_tl_lowlevel_isr)
    hci_user_evt_proc                        0x08003a69   Thumb Code    50  hci_tl.o(i.hci_user_evt_proc)
    list_get_size                            0x08003aa5   Thumb Code    28  ble_list.o(i.list_get_size)
    list_init_head                           0x08003ac1   Thumb Code     6  ble_list.o(i.list_init_head)
    list_insert_head                         0x08003ac7   Thumb Code    24  ble_list.o(i.list_insert_head)
    list_insert_tail                         0x08003adf   Thumb Code    24  ble_list.o(i.list_insert_tail)
    list_is_empty                            0x08003af7   Thumb Code    24  ble_list.o(i.list_is_empty)
    list_remove_head                         0x08003b0f   Thumb Code    36  ble_list.o(i.list_remove_head)
    list_remove_node                         0x08003b33   Thumb Code    22  ble_list.o(i.list_remove_node)
    list_remove_tail                         0x08003b49   Thumb Code    36  ble_list.o(i.list_remove_tail)
    main                                     0x08003b6d   Thumb Code    74  main.o(i.main)
    ouvrir                                   0x08003be5   Thumb Code    10  main.o(i.ouvrir)
    receiveData                              0x08003bf5   Thumb Code    64  sample_service.o(i.receiveData)
    sendData                                 0x08003c3d   Thumb Code    56  sample_service.o(i.sendData)
    startReadRXCharHandle                    0x08003c7d   Thumb Code    50  sample_service.o(i.startReadRXCharHandle)
    startReadTXCharHandle                    0x08003cc5   Thumb Code    50  sample_service.o(i.startReadTXCharHandle)
    user_notify                              0x08003d0d   Thumb Code   196  sample_service.o(i.user_notify)
    AHBPrescTable                            0x08003e18   Data          16  system_stm32f4xx.o(.constdata)
    APBPrescTable                            0x08003e28   Data           8  system_stm32f4xx.o(.constdata)
    Region$$Table$$Base                      0x08003e30   Number         0  anon$$obj.o(Region$$Table)
    Region$$Table$$Limit                     0x08003e50   Number         0  anon$$obj.o(Region$$Table)
    realV                                    0x20000000   Data           2  main.o(.data)
    adcValue                                 0x20000004   Data           4  main.o(.data)
    hexti0                                   0x20000008   Data           8  hci_tl_interface.o(.data)
    bnrg_expansion_board                     0x20000010   Data           1  app_x-cube-ble1.o(.data)
    BLE_Role                                 0x20000011   Data           1  app_x-cube-ble1.o(.data)
    user_button_init_state                   0x20000012   Data           1  app_x-cube-ble1.o(.data)
    set_connectable                          0x20000014   Data           1  sample_service.o(.data)
    notification_enabled                     0x20000015   Data           1  sample_service.o(.data)
    start_read_tx_char_handle                0x20000016   Data           1  sample_service.o(.data)
    start_read_rx_char_handle                0x20000017   Data           1  sample_service.o(.data)
    end_read_tx_char_handle                  0x20000018   Data           1  sample_service.o(.data)
    end_read_rx_char_handle                  0x20000019   Data           1  sample_service.o(.data)
    val_buf_receive                          0x2000001a   Data           1  sample_service.o(.data)
    val_buf_send                             0x2000001b   Data           1  sample_service.o(.data)
    connection_handle                        0x2000001c   Data           2  sample_service.o(.data)
    tx_handle                                0x2000001e   Data           2  sample_service.o(.data)
    rx_handle                                0x20000020   Data           2  sample_service.o(.data)
    sampleServHandle                         0x20000022   Data           2  sample_service.o(.data)
    TXCharHandle                             0x20000024   Data           2  sample_service.o(.data)
    RXCharHandle                             0x20000026   Data           2  sample_service.o(.data)
    connected                                0x20000028   Data           4  sample_service.o(.data)
    COM_USART                                0x20000038   Data           4  stm32f4_nucleo_f401re.o(.data)
    hExtiButtonHandle                        0x20000044   Data           4  stm32f4_nucleo_f401re.o(.data)
    hexti13                                  0x20000048   Data           8  stm32f4_nucleo_f401re.o(.data)
    uwTickFreq                               0x20000050   Data           1  stm32f4xx_hal.o(.data)
    uwTickPrio                               0x20000054   Data           4  stm32f4xx_hal.o(.data)
    uwTick                                   0x20000058   Data           4  stm32f4xx_hal.o(.data)
    SystemCoreClock                          0x2000005c   Data           4  system_stm32f4xx.o(.data)
    hciReadPktPool                           0x20000060   Data           8  hci_tl.o(.data)
    hciReadPktRxQueue                        0x20000068   Data           8  hci_tl.o(.data)
    __stdout                                 0x20000070   Data           4  stdout.o(.data)
    hadc1                                    0x20000074   Data          72  main.o(.bss)
    htim2                                    0x200000bc   Data          60  main.o(.bss)
    huart2                                   0x200000f8   Data          64  main.o(.bss)
    hspi1                                    0x20000238   Data          88  nucleo_f401re_bus.o(.bss)
    hComHandle                               0x20000290   Data          64  stm32f4_nucleo_f401re.o(.bss)
    __initial_sp                             0x200009b0   Data           0  startup_stm32f401xe.o(STACK)



==============================================================================

Memory Map of the image

  Image Entry point : 0x08000195

  Load Region LR_IROM1 (Base: 0x08000000, Size: 0x00003ec4, Max: 0x00080000, ABSOLUTE)

    Execution Region ER_IROM1 (Base: 0x08000000, Size: 0x00003e50, Max: 0x00080000, ABSOLUTE)

    Base Addr    Size         Type   Attr      Idx    E Section Name        Object

    0x08000000   0x00000194   Data   RO            3    RESET               startup_stm32f401xe.o
    0x08000194   0x00000000   Code   RO         4917  * .ARM.Collect$$$$00000000  mc_w.l(entry.o)
    0x08000194   0x00000004   Code   RO         5189    .ARM.Collect$$$$00000001  mc_w.l(entry2.o)
    0x08000198   0x00000004   Code   RO         5192    .ARM.Collect$$$$00000004  mc_w.l(entry5.o)
    0x0800019c   0x00000000   Code   RO         5194    .ARM.Collect$$$$00000008  mc_w.l(entry7b.o)
    0x0800019c   0x00000000   Code   RO         5196    .ARM.Collect$$$$0000000A  mc_w.l(entry8b.o)
    0x0800019c   0x00000008   Code   RO         5197    .ARM.Collect$$$$0000000B  mc_w.l(entry9a.o)
    0x080001a4   0x00000000   Code   RO         5199    .ARM.Collect$$$$0000000D  mc_w.l(entry10a.o)
    0x080001a4   0x00000000   Code   RO         5201    .ARM.Collect$$$$0000000F  mc_w.l(entry11a.o)
    0x080001a4   0x00000004   Code   RO         5190    .ARM.Collect$$$$00002712  mc_w.l(entry2.o)
    0x080001a8   0x00000024   Code   RO            4    .text               startup_stm32f401xe.o
    0x080001cc   0x00000062   Code   RO         4920    .text               mc_w.l(uldiv.o)
    0x0800022e   0x00000024   Code   RO         4922    .text               mc_w.l(memcpya.o)
    0x08000252   0x00000024   Code   RO         4924    .text               mc_w.l(memseta.o)
    0x08000276   0x0000001e   Code   RO         5206    .text               mc_w.l(llshl.o)
    0x08000294   0x00000020   Code   RO         5208    .text               mc_w.l(llushr.o)
    0x080002b4   0x00000024   Code   RO         5221    .text               mc_w.l(init.o)
    0x080002d8   0x00000124   Code   RO         3464    i.ADC_Init          stm32f4xx_hal_adc.o
    0x080003fc   0x000000b8   Code   RO          417    i.Add_Sample_Service  sample_service.o
    0x080004b4   0x0000002c   Code   RO          418    i.Attribute_Modified_CB  sample_service.o
    0x080004e0   0x00000050   Code   RO          577    i.BSP_COM_Init      stm32f4_nucleo_f401re.o
    0x08000530   0x00000004   Code   RO          510    i.BSP_GetTick       nucleo_f401re_bus.o
    0x08000534   0x00000058   Code   RO          582    i.BSP_LED_Init      stm32f4_nucleo_f401re.o
    0x0800058c   0x00000020   Code   RO          583    i.BSP_LED_Off       stm32f4_nucleo_f401re.o
    0x080005ac   0x00000020   Code   RO          584    i.BSP_LED_On        stm32f4_nucleo_f401re.o
    0x080005cc   0x00000020   Code   RO          585    i.BSP_LED_Toggle    stm32f4_nucleo_f401re.o
    0x080005ec   0x00000002   Code   RO          586    i.BSP_PB_Callback   stm32f4_nucleo_f401re.o
    0x080005ee   0x00000002   PAD
    0x080005f0   0x00000018   Code   RO          588    i.BSP_PB_GetState   stm32f4_nucleo_f401re.o
    0x08000608   0x000000ac   Code   RO          589    i.BSP_PB_Init       stm32f4_nucleo_f401re.o
    0x080006b4   0x0000007c   Code   RO          512    i.BSP_SPI1_Init     nucleo_f401re_bus.o
    0x08000730   0x00000028   Code   RO          515    i.BSP_SPI1_SendRecv  nucleo_f401re_bus.o
    0x08000758   0x0000000a   Code   RO          590    i.BUTTON_KEY_EXTI_Callback  stm32f4_nucleo_f401re.o
    0x08000762   0x00000002   Code   RO          704    i.BusFault_Handler  stm32f4xx_it.o
    0x08000764   0x00000002   Code   RO          705    i.DebugMon_Handler  stm32f4xx_it.o
    0x08000766   0x00000002   PAD
    0x08000768   0x0000000c   Code   RO          706    i.EXTI0_IRQHandler  stm32f4xx_it.o
    0x08000774   0x0000005c   Code   RO          419    i.GAP_ConnectionComplete_CB  sample_service.o
    0x080007d0   0x00000034   Code   RO          420    i.GAP_DisconnectionComplete_CB  sample_service.o
    0x08000804   0x00000018   Code   RO          421    i.GATT_Notification_CB  sample_service.o
    0x0800081c   0x0000014c   Code   RO         3466    i.HAL_ADC_ConfigChannel  stm32f4xx_hal_adc.o
    0x08000968   0x00000006   Code   RO         3473    i.HAL_ADC_GetValue  stm32f4xx_hal_adc.o
    0x0800096e   0x00000054   Code   RO         3475    i.HAL_ADC_Init      stm32f4xx_hal_adc.o
    0x080009c2   0x00000002   PAD
    0x080009c4   0x00000044   Code   RO          790    i.HAL_ADC_MspInit   stm32f4xx_hal_msp.o
    0x08000a08   0x000000bc   Code   RO         3481    i.HAL_ADC_Start     stm32f4xx_hal_adc.o
    0x08000ac4   0x00000024   Code   RO         3297    i.HAL_Delay         stm32f4xx_hal.o
    0x08000ae8   0x0000000c   Code   RO          289    i.HAL_EXTI_GetHandle  stm32f4xx_hal_exti.o
    0x08000af4   0x00000024   Code   RO          290    i.HAL_EXTI_IRQHandler  stm32f4xx_hal_exti.o
    0x08000b18   0x0000000e   Code   RO          291    i.HAL_EXTI_RegisterCallback  stm32f4xx_hal_exti.o
    0x08000b26   0x00000002   PAD
    0x08000b28   0x00000110   Code   RO         2744    i.HAL_GPIO_DeInit   stm32f4xx_hal_gpio.o
    0x08000c38   0x00000188   Code   RO         2747    i.HAL_GPIO_Init     stm32f4xx_hal_gpio.o
    0x08000dc0   0x0000000a   Code   RO         2749    i.HAL_GPIO_ReadPin  stm32f4xx_hal_gpio.o
    0x08000dca   0x00000008   Code   RO         2750    i.HAL_GPIO_TogglePin  stm32f4xx_hal_gpio.o
    0x08000dd2   0x0000000a   Code   RO         2751    i.HAL_GPIO_WritePin  stm32f4xx_hal_gpio.o
    0x08000ddc   0x0000000c   Code   RO         3303    i.HAL_GetTick       stm32f4xx_hal.o
    0x08000de8   0x00000010   Code   RO         3307    i.HAL_IncTick       stm32f4xx_hal.o
    0x08000df8   0x00000034   Code   RO         3308    i.HAL_Init          stm32f4xx_hal.o
    0x08000e2c   0x00000040   Code   RO         3309    i.HAL_InitTick      stm32f4xx_hal.o
    0x08000e6c   0x00000084   Code   RO          791    i.HAL_MspInit       stm32f4xx_hal_msp.o
    0x08000ef0   0x00000016   Code   RO         3160    i.HAL_NVIC_EnableIRQ  stm32f4xx_hal_cortex.o
    0x08000f06   0x00000002   PAD
    0x08000f08   0x00000040   Code   RO         3166    i.HAL_NVIC_SetPriority  stm32f4xx_hal_cortex.o
    0x08000f48   0x00000024   Code   RO         3167    i.HAL_NVIC_SetPriorityGrouping  stm32f4xx_hal_cortex.o
    0x08000f6c   0x00000130   Code   RO         2369    i.HAL_RCC_ClockConfig  stm32f4xx_hal_rcc.o
    0x0800109c   0x00000020   Code   RO         2376    i.HAL_RCC_GetPCLK1Freq  stm32f4xx_hal_rcc.o
    0x080010bc   0x00000020   Code   RO         2377    i.HAL_RCC_GetPCLK2Freq  stm32f4xx_hal_rcc.o
    0x080010dc   0x00000060   Code   RO         2378    i.HAL_RCC_GetSysClockFreq  stm32f4xx_hal_rcc.o
    0x0800113c   0x0000031c   Code   RO         2381    i.HAL_RCC_OscConfig  stm32f4xx_hal_rcc.o
    0x08001458   0x00000006   Code   RO          864    i.HAL_SPI_GetState  stm32f4xx_hal_spi.o
    0x0800145e   0x00000080   Code   RO          866    i.HAL_SPI_Init      stm32f4xx_hal_spi.o
    0x080014de   0x00000002   Code   RO          868    i.HAL_SPI_MspInit   stm32f4xx_hal_spi.o
    0x080014e0   0x000001d8   Code   RO          875    i.HAL_SPI_TransmitReceive  stm32f4xx_hal_spi.o
    0x080016b8   0x00000002   Code   RO         3170    i.HAL_SYSTICK_Callback  stm32f4xx_hal_cortex.o
    0x080016ba   0x00000028   Code   RO         3171    i.HAL_SYSTICK_Config  stm32f4xx_hal_cortex.o
    0x080016e2   0x00000008   Code   RO         3172    i.HAL_SYSTICK_IRQHandler  stm32f4xx_hal_cortex.o
    0x080016ea   0x00000002   Code   RO         2129    i.HAL_TIMEx_BreakCallback  stm32f4xx_hal_tim_ex.o
    0x080016ec   0x00000002   Code   RO         2130    i.HAL_TIMEx_CommutationCallback  stm32f4xx_hal_tim_ex.o
    0x080016ee   0x00000050   Code   RO         2146    i.HAL_TIMEx_MasterConfigSynchronization  stm32f4xx_hal_tim_ex.o
    0x0800173e   0x00000002   Code   RO         1529    i.HAL_TIM_IC_CaptureCallback  stm32f4xx_hal_tim.o
    0x08001740   0x00000166   Code   RO         1542    i.HAL_TIM_IRQHandler  stm32f4xx_hal_tim.o
    0x080018a6   0x00000002   PAD
    0x080018a8   0x00000050   Code   RO          792    i.HAL_TIM_MspPostInit  stm32f4xx_hal_msp.o
    0x080018f8   0x00000002   Code   RO         1545    i.HAL_TIM_OC_DelayElapsedCallback  stm32f4xx_hal_tim.o
    0x080018fa   0x000000d0   Code   RO         1566    i.HAL_TIM_PWM_ConfigChannel  stm32f4xx_hal_tim.o
    0x080019ca   0x00000036   Code   RO         1569    i.HAL_TIM_PWM_Init  stm32f4xx_hal_tim.o
    0x08001a00   0x00000038   Code   RO          794    i.HAL_TIM_PWM_MspInit  stm32f4xx_hal_msp.o
    0x08001a38   0x00000002   Code   RO         1572    i.HAL_TIM_PWM_PulseFinishedCallback  stm32f4xx_hal_tim.o
    0x08001a3a   0x00000002   PAD
    0x08001a3c   0x00000030   Code   RO         1573    i.HAL_TIM_PWM_Start  stm32f4xx_hal_tim.o
    0x08001a6c   0x00000002   Code   RO         1579    i.HAL_TIM_PeriodElapsedCallback  stm32f4xx_hal_tim.o
    0x08001a6e   0x00000002   Code   RO         1583    i.HAL_TIM_TriggerCallback  stm32f4xx_hal_tim.o
    0x08001a70   0x00000062   Code   RO         1197    i.HAL_UART_Init     stm32f4xx_hal_uart.o
    0x08001ad2   0x00000002   PAD
    0x08001ad4   0x00000068   Code   RO          796    i.HAL_UART_MspInit  stm32f4xx_hal_msp.o
    0x08001b3c   0x000000ba   Code   RO         1205    i.HAL_UART_Transmit  stm32f4xx_hal_uart.o
    0x08001bf6   0x00000002   PAD
    0x08001bf8   0x00000024   Code   RO          201    i.HCI_TL_SPI_DeInit  hci_tl_interface.o
    0x08001c1c   0x00000064   Code   RO          202    i.HCI_TL_SPI_Init   hci_tl_interface.o
    0x08001c80   0x00000080   Code   RO          203    i.HCI_TL_SPI_Receive  hci_tl_interface.o
    0x08001d00   0x00000030   Code   RO          204    i.HCI_TL_SPI_Reset  hci_tl_interface.o
    0x08001d30   0x00000094   Code   RO          205    i.HCI_TL_SPI_Send   hci_tl_interface.o
    0x08001dc4   0x00000002   Code   RO          707    i.HardFault_Handler  stm32f4xx_it.o
    0x08001dc6   0x00000002   PAD
    0x08001dc8   0x00000054   Code   RO           14    i.MX_ADC1_Init      main.o
    0x08001e1c   0x000000c8   Code   RO           15    i.MX_GPIO_Init      main.o
    0x08001ee4   0x0000003c   Code   RO          516    i.MX_SPI1_Init      nucleo_f401re_bus.o
    0x08001f20   0x0000005c   Code   RO           16    i.MX_TIM2_Init      main.o
    0x08001f7c   0x0000002c   Code   RO          591    i.MX_USART2_UART_Init  stm32f4_nucleo_f401re.o
    0x08001fa8   0x00000244   Code   RO          325    i.MX_X_CUBE_BLE1_Init  app_x-cube-ble1.o
    0x080021ec   0x0000000e   Code   RO          326    i.MX_X_CUBE_BLE1_Process  app_x-cube-ble1.o
    0x080021fa   0x00000002   PAD
    0x080021fc   0x000000ec   Code   RO          422    i.Make_Connection   sample_service.o
    0x080022e8   0x00000002   Code   RO          708    i.MemManage_Handler  stm32f4xx_it.o
    0x080022ea   0x00000002   Code   RO          709    i.NMI_Handler       stm32f4xx_it.o
    0x080022ec   0x00000020   Code   RO         3173    i.NVIC_SetPriority  stm32f4xx_hal_cortex.o
    0x0800230c   0x00000002   Code   RO          710    i.PendSV_Handler    stm32f4xx_it.o
    0x0800230e   0x00000020   Code   RO          890    i.SPI_CheckFlag_BSY  stm32f4xx_hal_spi.o
    0x0800232e   0x00000096   Code   RO          908    i.SPI_WaitFlagStateUntilTimeout  stm32f4xx_hal_spi.o
    0x080023c4   0x00000002   Code   RO          711    i.SVC_Handler       stm32f4xx_it.o
    0x080023c6   0x0000000e   Code   RO          712    i.SysTick_Handler   stm32f4xx_it.o
    0x080023d4   0x00000088   Code   RO           17    i.SystemClock_Config  main.o
    0x0800245c   0x00000054   Code   RO         3737    i.SystemInit        system_stm32f4xx.o
    0x080024b0   0x0000000c   Code   RO          713    i.TIM2_IRQHandler   stm32f4xx_it.o
    0x080024bc   0x00000090   Code   RO         1584    i.TIM_Base_SetConfig  stm32f4xx_hal_tim.o
    0x0800254c   0x00000016   Code   RO         1585    i.TIM_CCxChannelCmd  stm32f4xx_hal_tim.o
    0x08002562   0x00000002   PAD
    0x08002564   0x00000050   Code   RO         1593    i.TIM_OC1_SetConfig  stm32f4xx_hal_tim.o
    0x080025b4   0x00000058   Code   RO         1594    i.TIM_OC2_SetConfig  stm32f4xx_hal_tim.o
    0x0800260c   0x00000058   Code   RO         1595    i.TIM_OC3_SetConfig  stm32f4xx_hal_tim.o
    0x08002664   0x00000044   Code   RO         1596    i.TIM_OC4_SetConfig  stm32f4xx_hal_tim.o
    0x080026a8   0x000002ac   Code   RO         1223    i.UART_SetConfig    stm32f4xx_hal_uart.o
    0x08002954   0x00000064   Code   RO         1225    i.UART_WaitOnFlagUntilTimeout  stm32f4xx_hal_uart.o
    0x080029b8   0x00000002   Code   RO          714    i.UsageFault_Handler  stm32f4xx_it.o
    0x080029ba   0x00000002   PAD
    0x080029bc   0x000000c4   Code   RO          327    i.User_Process      app_x-cube-ble1.o
    0x08002a80   0x00000020   Code   RO         5135    i.__0printf$8       mc_w.l(printf8.o)
    0x08002aa0   0x0000000e   Code   RO         5229    i.__scatterload_copy  mc_w.l(handlers.o)
    0x08002aae   0x00000002   Code   RO         5230    i.__scatterload_null  mc_w.l(handlers.o)
    0x08002ab0   0x0000000e   Code   RO         5231    i.__scatterload_zeroinit  mc_w.l(handlers.o)
    0x08002abe   0x00000002   PAD
    0x08002ac0   0x00000410   Code   RO         5142    i._printf_core      mc_w.l(printf8.o)
    0x08002ed0   0x00000024   Code   RO         5143    i._printf_post_padding  mc_w.l(printf8.o)
    0x08002ef4   0x0000002e   Code   RO         5144    i._printf_pre_padding  mc_w.l(printf8.o)
    0x08002f22   0x00000084   Code   RO         3779    i.aci_gap_create_connection  bluenrg_gap_aci.o
    0x08002fa6   0x00000068   Code   RO         3783    i.aci_gap_init_IDB04A1  bluenrg_gap_aci.o
    0x0800300e   0x00000070   Code   RO         3784    i.aci_gap_init_IDB05A1  bluenrg_gap_aci.o
    0x0800307e   0x00000074   Code   RO         3790    i.aci_gap_set_auth_requirement  bluenrg_gap_aci.o
    0x080030f2   0x000000b0   Code   RO         3795    i.aci_gap_set_discoverable  bluenrg_gap_aci.o
    0x080031a2   0x000000b0   Code   RO         4050    i.aci_gatt_add_char  bluenrg_gatt_aci.o
    0x08003252   0x0000007c   Code   RO         4052    i.aci_gatt_add_serv  bluenrg_gatt_aci.o
    0x080032ce   0x00000076   Code   RO         4061    i.aci_gatt_disc_charac_by_uuid  bluenrg_gatt_aci.o
    0x08003344   0x0000003a   Code   RO         4066    i.aci_gatt_init     bluenrg_gatt_aci.o
    0x0800337e   0x0000006e   Code   RO         4079    i.aci_gatt_update_char_value  bluenrg_gatt_aci.o
    0x080033ec   0x0000006c   Code   RO         4081    i.aci_gatt_write_charac_descriptor  bluenrg_gatt_aci.o
    0x08003458   0x00000062   Code   RO         4087    i.aci_gatt_write_without_response  bluenrg_gatt_aci.o
    0x080034ba   0x00000048   Code   RO         4332    i.aci_hal_set_tx_power_level  bluenrg_hal_aci.o
    0x08003502   0x0000005e   Code   RO         4335    i.aci_hal_write_config_data  bluenrg_hal_aci.o
    0x08003560   0x00000044   Code   RO           18    i.adc               main.o
    0x080035a4   0x00000044   Code   RO          423    i.enableNotification  sample_service.o
    0x080035e8   0x00000010   Code   RO           19    i.fermer            main.o
    0x080035f8   0x00000024   Code   RO          592    i.fputc             stm32f4_nucleo_f401re.o
    0x0800361c   0x0000004c   Code   RO         4536    i.getBlueNRGVersion  bluenrg_utils_small.o
    0x08003668   0x0000005c   Code   RO         4563    i.hci_init          hci_tl.o
    0x080036c4   0x0000007c   Code   RO         4633    i.hci_le_read_local_version  hci_le.o
    0x08003740   0x00000060   Code   RO         4644    i.hci_le_set_scan_resp_data  hci_le.o
    0x080037a0   0x00000060   Code   RO         4564    i.hci_notify_asynch_evt  hci_tl.o
    0x08003800   0x0000001c   Code   RO         4565    i.hci_register_io_bus  hci_tl.o
    0x0800381c   0x00000036   Code   RO         4650    i.hci_reset         hci_le.o
    0x08003852   0x00000002   PAD
    0x08003854   0x00000188   Code   RO         4566    i.hci_send_req      hci_tl.o
    0x080039dc   0x0000006c   Code   RO          206    i.hci_tl_lowlevel_init  hci_tl_interface.o
    0x08003a48   0x00000020   Code   RO          207    i.hci_tl_lowlevel_isr  hci_tl_interface.o
    0x08003a68   0x0000003c   Code   RO         4567    i.hci_user_evt_proc  hci_tl.o
    0x08003aa4   0x0000001c   Code   RO         4826    i.list_get_size     ble_list.o
    0x08003ac0   0x00000006   Code   RO         4827    i.list_init_head    ble_list.o
    0x08003ac6   0x00000018   Code   RO         4828    i.list_insert_head  ble_list.o
    0x08003ade   0x00000018   Code   RO         4831    i.list_insert_tail  ble_list.o
    0x08003af6   0x00000018   Code   RO         4832    i.list_is_empty     ble_list.o
    0x08003b0e   0x00000024   Code   RO         4833    i.list_remove_head  ble_list.o
    0x08003b32   0x00000016   Code   RO         4834    i.list_remove_node  ble_list.o
    0x08003b48   0x00000024   Code   RO         4835    i.list_remove_tail  ble_list.o
    0x08003b6c   0x00000054   Code   RO           20    i.main              main.o
    0x08003bc0   0x00000024   Code   RO         4568    i.move_list         hci_tl.o
    0x08003be4   0x00000010   Code   RO           21    i.ouvrir            main.o
    0x08003bf4   0x00000048   Code   RO          424    i.receiveData       sample_service.o
    0x08003c3c   0x00000040   Code   RO          425    i.sendData          sample_service.o
    0x08003c7c   0x00000048   Code   RO          426    i.startReadRXCharHandle  sample_service.o
    0x08003cc4   0x00000048   Code   RO          427    i.startReadTXCharHandle  sample_service.o
    0x08003d0c   0x00000100   Code   RO          428    i.user_notify       sample_service.o
    0x08003e0c   0x0000000c   Data   RO          594    .constdata          stm32f4_nucleo_f401re.o
    0x08003e18   0x00000010   Data   RO         3738    .constdata          system_stm32f4xx.o
    0x08003e28   0x00000008   Data   RO         3739    .constdata          system_stm32f4xx.o
    0x08003e30   0x00000020   Data   RO         5227    Region$$Table       anon$$obj.o


    Execution Region RW_IRAM1 (Base: 0x20000000, Size: 0x000009b0, Max: 0x00018000, ABSOLUTE)

    Base Addr    Size         Type   Attr      Idx    E Section Name        Object

    0x20000000   0x00000008   Data   RW           23    .data               main.o
    0x20000008   0x00000008   Data   RW          209    .data               hci_tl_interface.o
    0x20000010   0x00000003   Data   RW          328    .data               app_x-cube-ble1.o
    0x20000013   0x00000001   PAD
    0x20000014   0x00000018   Data   RW          429    .data               sample_service.o
    0x2000002c   0x00000024   Data   RW          596    .data               stm32f4_nucleo_f401re.o
    0x20000050   0x0000000c   Data   RW         3315    .data               stm32f4xx_hal.o
    0x2000005c   0x00000004   Data   RW         3740    .data               system_stm32f4xx.o
    0x20000060   0x00000010   Data   RW         4570    .data               hci_tl.o
    0x20000070   0x00000004   Data   RW         5203    .data               mc_w.l(stdout.o)
    0x20000074   0x000000c4   Zero   RW           22    .bss                main.o
    0x20000138   0x000000ff   Zero   RW          208    .bss                hci_tl_interface.o
    0x20000237   0x00000001   PAD
    0x20000238   0x00000058   Zero   RW          517    .bss                nucleo_f401re_bus.o
    0x20000290   0x00000040   Zero   RW          593    .bss                stm32f4_nucleo_f401re.o
    0x200002d0   0x000002dc   Zero   RW         4569    .bss                hci_tl.o
    0x200005ac   0x00000004   PAD
    0x200005b0   0x00000400   Zero   RW            1    STACK               startup_stm32f401xe.o


==============================================================================

Image component sizes


      Code (inc. data)   RO Data    RW Data    ZI Data      Debug   Object Name

       790        316          0          3          0      44363   app_x-cube-ble1.o
       200          0          0          0          0      11424   ble_list.o
       640          0          0          0          0       6428   bluenrg_gap_aci.o
       792          0          0          0          0       8509   bluenrg_gatt_aci.o
       166          0          0          0          0       2641   bluenrg_hal_aci.o
        76          0          0          0          0       1604   bluenrg_utils_small.o
       274          0          0          0          0       3372   hci_le.o
       704         44          0         16        732       6879   hci_tl.o
       600         90          0          8        255       8078   hci_tl_interface.o
       696         84          0          8        196     439752   main.o
       228         32          0          0         88       3445   nucleo_f401re_bus.o
      1236        350          0         24          0      11078   sample_service.o
        36          8        404          0       1024        880   startup_stm32f401xe.o
       552         92         12         36         64       8740   stm32f4_nucleo_f401re.o
       180         28          0         12          0       5045   stm32f4xx_hal.o
       902         46          0          0          0       4690   stm32f4xx_hal_adc.o
       204         14          0          0          0      32087   stm32f4xx_hal_cortex.o
        62          6          0          0          0       2411   stm32f4xx_hal_exti.o
       692         62          0          0          0       5002   stm32f4xx_hal_gpio.o
       440         48          0          0          0       3795   stm32f4xx_hal_msp.o
      1260         76          0          0          0       5560   stm32f4xx_hal_rcc.o
       790          0          0          0          0       6014   stm32f4xx_hal_spi.o
      1168         56          0          0          0      12586   stm32f4xx_hal_tim.o
        84          0          0          0          0       2694   stm32f4xx_hal_tim_ex.o
      1068          8          0          0          0       4476   stm32f4xx_hal_uart.o
        54         12          0          0          0       5519   stm32f4xx_it.o
        84         18         24          4          0       1299   system_stm32f4xx.o

    ----------------------------------------------------------------------
     14006       1390        472        112       2364     648371   Object Totals
         0          0         32          0          0          0   (incl. Generated)
        28          0          0          1          5          0   (incl. Padding)

    ----------------------------------------------------------------------

      Code (inc. data)   RO Data    RW Data    ZI Data      Debug   Library Member Name

         0          0          0          0          0          0   entry.o
         0          0          0          0          0          0   entry10a.o
         0          0          0          0          0          0   entry11a.o
         8          4          0          0          0          0   entry2.o
         4          0          0          0          0          0   entry5.o
         0          0          0          0          0          0   entry7b.o
         0          0          0          0          0          0   entry8b.o
         8          4          0          0          0          0   entry9a.o
        30          0          0          0          0          0   handlers.o
        36          8          0          0          0         68   init.o
        30          0          0          0          0         68   llshl.o
        32          0          0          0          0         68   llushr.o
        36          0          0          0          0         68   memcpya.o
        36          0          0          0          0        108   memseta.o
      1154         54          0          0          0        352   printf8.o
         0          0          0          4          0          0   stdout.o
        98          0          0          0          0         92   uldiv.o

    ----------------------------------------------------------------------
      1474         70          0          4          0        824   Library Totals
         2          0          0          0          0          0   (incl. Padding)

    ----------------------------------------------------------------------

      Code (inc. data)   RO Data    RW Data    ZI Data      Debug   Library Name

      1472         70          0          4          0        824   mc_w.l

    ----------------------------------------------------------------------
      1474         70          0          4          0        824   Library Totals

    ----------------------------------------------------------------------

==============================================================================


      Code (inc. data)   RO Data    RW Data    ZI Data      Debug   

     15480       1460        472        116       2364     634535   Grand Totals
     15480       1460        472        116       2364     634535   ELF Image Totals
     15480       1460        472        116          0          0   ROM Totals

==============================================================================

    Total RO  Size (Code + RO Data)                15952 (  15.58kB)
    Total RW  Size (RW Data + ZI Data)              2480 (   2.42kB)
    Total ROM Size (Code + RO Data + RW Data)      16068 (  15.69kB)

==============================================================================

